[chain] warps complete 2026-10-10T10:22:22Z: 2032
[s141] gen A /mnt/gluster_dcpu/yiyangliu/gwm_s134/src/s141/plan_fid_A.json NONE /mnt/gluster_dcpu/yiyangliu/gwm_s141/fid/A 3 gpu=4 start 2026-10-10T10:22:23Z
[pipeline_ready]
[s141] variant A adapter NONE attn 64
[done] seq-02_from_seq-01_s0150__gl__s01_000000-s02_000150-s01_000600-s01_000800 s3 38.09s
[s141] gen done 2026-10-10T10:24:18Z
[s141] gen B /mnt/gluster_dcpu/yiyangliu/gwm_s134/src/s141/plan_fid_B.json NONE /mnt/gluster_dcpu/yiyangliu/gwm_s141/fid/B 3 gpu=4 start 2026-10-10T10:24:18Z
[pipeline_ready]
[s141] variant B adapter NONE attn 64
[done] seq-02_from_seq-01_s0150__gl__s01_000000-s02_000150-s01_000600-s01_000800 s3 38.39s
[s141] gen done 2026-10-10T10:26:06Z
913394e0f8d25b5f179aaffbdd6ba3d9ac7ed21d8f86dd393bf9235ccaf111bb  /mnt/gluster_dcpu/yiyangliu/gwm_s134/out/s139_tacc/gen/seq-02_from_seq-01_s0150__gl__s01_000000-s02_000150-s01_000600-s01_000800__s3.npy
913394e0f8d25b5f179aaffbdd6ba3d9ac7ed21d8f86dd393bf9235ccaf111bb  /mnt/gluster_dcpu/yiyangliu/gwm_s141/fid/A/seq-02_from_seq-01_s0150__gl__s01_000000-s02_000150-s01_000600-s01_000800__s3.npy
913394e0f8d25b5f179aaffbdd6ba3d9ac7ed21d8f86dd393bf9235ccaf111bb  /mnt/gluster_dcpu/yiyangliu/gwm_s141/fid/B/seq-02_from_seq-01_s0150__gl__s01_000000-s02_000150-s01_000600-s01_000800__s3.npy
[s141] train B /mnt/gluster_dcpu/yiyangliu/gwm_s141/runs/B gpu=4 start 2026-10-10T10:26:07Z
[train] variant B attn 64 trainable 6.65M clips 2000+32 frames 7400 steps 10000 ckpt 1
[val] step 0 0.04791 [0.24596345704048872, 0.030797765764873475, 0.0074260939145460725, 0.0024637916576466523, 0.0006487005994131323, 0.00017087292235373752]
[train] 20 loss 0.05215 gn 1.195 1.33s/step mem 8.8G
[train] 40 loss 0.05708 gn 0.380 1.32s/step mem 8.8G
[train] 60 loss 0.00652 gn 0.095 1.33s/step mem 8.8G
[train] 80 loss 0.02040 gn 0.230 1.32s/step mem 8.8G
[train] 100 loss 0.08354 gn 0.315 1.33s/step mem 8.8G
[train] 120 loss 0.00748 gn 0.036 1.33s/step mem 8.8G
[train] 140 loss 0.08920 gn 0.249 1.33s/step mem 8.8G
[train] 160 loss 0.03270 gn 1.005 1.33s/step mem 8.8G
[train] 180 loss 0.00977 gn 0.092 1.32s/step mem 8.8G
[train] 200 loss 0.05112 gn 0.420 1.34s/step mem 8.8G
[train] 220 loss 0.03149 gn 0.258 1.33s/step mem 8.8G
[train] 240 loss 0.08057 gn 0.102 1.32s/step mem 8.8G
[train] 260 loss 0.02273 gn 0.305 1.33s/step mem 8.8G
[train] 280 loss 0.02914 gn 0.139 1.32s/step mem 8.8G
[train] 300 loss 0.03054 gn 0.038 1.32s/step mem 8.8G
[train] 320 loss 0.08922 gn 0.262 1.33s/step mem 8.8G
[train] 340 loss 0.02705 gn 0.269 1.32s/step mem 8.8G
[train] 360 loss 0.01047 gn 0.587 1.34s/step mem 8.8G
[train] 380 loss 0.03309 gn 0.101 1.32s/step mem 8.8G
[train] 400 loss 0.01855 gn 0.441 1.33s/step mem 8.8G
[train] 420 loss 0.04387 gn 0.738 1.35s/step mem 8.8G
[train] 440 loss 0.04836 gn 0.454 1.33s/step mem 8.8G
[train] 460 loss 0.08343 gn 0.691 1.33s/step mem 8.8G
[train] 480 loss 0.13241 gn 1.367 1.32s/step mem 8.8G
[train] 500 loss 0.00671 gn 0.440 1.32s/step mem 8.8G
[val] step 500 0.04825 [0.2463754485361278, 0.031334623345173895, 0.0076991560781607404, 0.0026691218226915225, 0.000944350609643152, 0.0005013360614611884]
[train] 520 loss 0.04280 gn 0.442 5.18s/step mem 8.8G
[train] 540 loss 0.01770 gn 0.298 1.32s/step mem 8.8G
[train] 560 loss 0.05046 gn 0.315 1.32s/step mem 8.8G
[train] 580 loss 0.03296 gn 0.144 1.32s/step mem 8.8G
[train] 600 loss 0.11016 gn 0.363 1.33s/step mem 8.8G
[train] 620 loss 0.00904 gn 1.482 1.33s/step mem 8.8G
[train] 640 loss 0.09444 gn 0.263 1.32s/step mem 8.8G
[train] 660 loss 0.03840 gn 0.228 1.32s/step mem 8.8G
[train] 680 loss 0.01506 gn 0.342 1.33s/step mem 8.8G
[train] 700 loss 0.04145 gn 0.250 1.32s/step mem 8.8G
[train] 720 loss 0.01346 gn 0.129 1.32s/step mem 8.8G
[train] 740 loss 0.03890 gn 0.483 1.33s/step mem 8.8G
[train] 760 loss 0.04020 gn 0.269 1.32s/step mem 8.8G
[train] 780 loss 0.02138 gn 0.194 1.33s/step mem 8.8G
[train] 800 loss 0.01962 gn 0.775 1.32s/step mem 8.8G
[train] 820 loss 0.06836 gn 0.075 1.33s/step mem 8.8G
[train] 840 loss 0.08634 gn 0.264 1.33s/step mem 8.8G
[train] 860 loss 0.04664 gn 0.263 1.32s/step mem 8.8G
[train] 880 loss 0.03055 gn 0.397 1.33s/step mem 8.8G
[train] 900 loss 0.05069 gn 0.144 1.35s/step mem 8.8G
[train] 920 loss 0.04885 gn 0.155 1.32s/step mem 8.8G
[train] 940 loss 0.02675 gn 0.549 1.33s/step mem 8.8G
[train] 960 loss 0.03742 gn 0.469 1.32s/step mem 8.8G
[train] 980 loss 0.02660 gn 0.154 1.32s/step mem 8.8G
[train] 1000 loss 0.02493 gn 1.071 1.33s/step mem 8.8G
[val] step 1000 0.04745 [0.24283880181610584, 0.029872345039620996, 0.007797722879331559, 0.002684435741684865, 0.0008753600413911045, 0.0006185201500557014]
[train] 1020 loss 0.08967 gn 0.214 5.19s/step mem 8.8G
[train] 1040 loss 0.03173 gn 0.512 1.32s/step mem 8.8G
[train] 1060 loss 0.02045 gn 0.539 1.32s/step mem 8.8G
[train] 1080 loss 0.08315 gn 0.132 1.32s/step mem 8.8G
[train] 1100 loss 0.01004 gn 0.060 1.32s/step mem 8.8G
[train] 1120 loss 0.02784 gn 0.810 1.32s/step mem 8.8G
[train] 1140 loss 0.05317 gn 0.242 1.33s/step mem 8.8G
[train] 1160 loss 0.01199 gn 1.607 1.32s/step mem 8.8G
[train] 1180 loss 0.02910 gn 0.013 1.32s/step mem 8.8G
[train] 1200 loss 0.05129 gn 0.026 1.33s/step mem 8.8G
[train] 1220 loss 0.06207 gn 0.552 1.34s/step mem 8.8G
[train] 1240 loss 0.01991 gn 0.301 1.33s/step mem 8.8G
[train] 1260 loss 0.04416 gn 0.212 1.33s/step mem 8.8G
[train] 1280 loss 0.05948 gn 0.652 1.32s/step mem 8.8G
[train] 1300 loss 0.05956 gn 0.611 1.33s/step mem 8.8G
[train] 1320 loss 0.04118 gn 0.775 1.32s/step mem 8.8G
[train] 1340 loss 0.04748 gn 0.110 1.33s/step mem 8.8G
[train] 1360 loss 0.04645 gn 0.207 1.33s/step mem 8.8G
[train] 1380 loss 0.07571 gn 0.174 1.32s/step mem 8.8G
[train] 1400 loss 0.07047 gn 0.063 1.33s/step mem 8.8G
[train] 1420 loss 0.12680 gn 0.063 1.33s/step mem 8.8G
[train] 1440 loss 0.05788 gn 0.289 1.33s/step mem 8.8G
[train] 1460 loss 0.04103 gn 0.579 1.33s/step mem 8.8G
[train] 1480 loss 0.06404 gn 0.118 1.32s/step mem 8.8G
[train] 1500 loss 0.08066 gn 0.351 1.33s/step mem 8.8G
[val] step 1500 0.04688 [0.24221608974039555, 0.028668351180385798, 0.0067264529498061165, 0.0024193990502681118, 0.0008492768374708248, 0.00040876302955439314]
[train] 1520 loss 0.04387 gn 0.430 5.18s/step mem 8.8G
[train] 1540 loss 0.01034 gn 0.617 1.32s/step mem 8.8G
[train] 1560 loss 0.07260 gn 0.151 1.33s/step mem 8.8G
[train] 1580 loss 0.08452 gn 1.364 1.32s/step mem 8.8G
[train] 1600 loss 0.01922 gn 0.326 1.32s/step mem 8.8G
[train] 1620 loss 0.01357 gn 0.048 1.32s/step mem 8.8G
[train] 1640 loss 0.03422 gn 0.976 1.32s/step mem 8.8G
[train] 1660 loss 0.01188 gn 0.022 1.33s/step mem 8.8G
[train] 1680 loss 0.06980 gn 0.246 1.32s/step mem 8.8G
[train] 1700 loss 0.01657 gn 0.712 1.32s/step mem 8.8G
[train] 1720 loss 0.02485 gn 0.641 1.35s/step mem 8.8G
[train] 1740 loss 0.05131 gn 2.136 1.34s/step mem 8.8G
[train] 1760 loss 0.09252 gn 0.238 1.33s/step mem 8.8G
[train] 1780 loss 0.05345 gn 0.017 1.34s/step mem 8.8G
[train] 1800 loss 0.06628 gn 0.903 1.33s/step mem 8.8G
[train] 1820 loss 0.05324 gn 0.022 1.33s/step mem 8.8G
[train] 1840 loss 0.04401 gn 0.264 1.32s/step mem 8.8G
[train] 1860 loss 0.00958 gn 0.234 1.32s/step mem 8.8G
[train] 1880 loss 0.09093 gn 0.074 1.33s/step mem 8.8G
[train] 1900 loss 0.03177 gn 0.232 1.32s/step mem 8.8G
[train] 1920 loss 0.01789 gn 0.306 1.33s/step mem 8.8G
[train] 1940 loss 0.15712 gn 0.648 1.33s/step mem 8.8G
[train] 1960 loss 0.06303 gn 0.129 1.32s/step mem 8.8G
[train] 1980 loss 0.02041 gn 0.093 1.32s/step mem 8.8G
[train] 2000 loss 0.04636 gn 0.097 1.32s/step mem 8.8G
[val] step 2000 0.04728 [0.24320301320403814, 0.02934040903346613, 0.007245500979479402, 0.0025672741430753376, 0.000824194801680278, 0.0005282123238430358]
[train] 2020 loss 0.05849 gn 2.115 5.21s/step mem 8.8G
[train] 2040 loss 0.07059 gn 0.295 1.33s/step mem 8.8G
[train] 2060 loss 0.11020 gn 0.067 1.35s/step mem 8.8G
[train] 2080 loss 0.07603 gn 0.313 1.33s/step mem 8.8G
[train] 2100 loss 0.05211 gn 0.020 1.32s/step mem 8.8G
[train] 2120 loss 0.07146 gn 0.051 1.33s/step mem 8.8G
[train] 2140 loss 0.00545 gn 1.345 1.32s/step mem 8.8G
[train] 2160 loss 0.02777 gn 0.018 1.33s/step mem 8.8G
[train] 2180 loss 0.09054 gn 0.174 1.33s/step mem 8.8G
[train] 2200 loss 0.07444 gn 0.364 1.32s/step mem 8.8G
[train] 2220 loss 0.08428 gn 2.574 1.33s/step mem 8.8G
[train] 2240 loss 0.02056 gn 0.263 1.34s/step mem 8.8G
[train] 2260 loss 0.02953 gn 0.138 1.32s/step mem 8.8G
[train] 2280 loss 0.04970 gn 0.198 1.33s/step mem 8.8G
[train] 2300 loss 0.07057 gn 0.225 1.33s/step mem 8.8G
[train] 2320 loss 0.01716 gn 0.082 1.32s/step mem 8.8G
[train] 2340 loss 0.00672 gn 0.278 1.33s/step mem 8.8G
[train] 2360 loss 0.05571 gn 0.736 1.32s/step mem 8.8G
[train] 2380 loss 0.04318 gn 0.719 1.33s/step mem 8.8G
[train] 2400 loss 0.01300 gn 0.145 1.34s/step mem 8.8G
[train] 2420 loss 0.01854 gn 0.102 1.33s/step mem 8.8G
[train] 2440 loss 0.02154 gn 0.115 1.34s/step mem 8.8G
[train] 2460 loss 0.04064 gn 1.702 1.34s/step mem 8.8G
[train] 2480 loss 0.03849 gn 0.065 1.33s/step mem 8.8G
[train] 2500 loss 0.03353 gn 3.723 1.32s/step mem 8.8G
[val] step 2500 0.04813 [0.2487177485600114, 0.02977764670504257, 0.007056521353661083, 0.00230957027815748, 0.0006863770558993565, 0.00025535700433465536]
[train] 2520 loss 0.05354 gn 0.110 5.17s/step mem 8.8G
[train] 2540 loss 0.05048 gn 0.031 1.33s/step mem 8.8G
[train] 2560 loss 0.00983 gn 0.213 1.32s/step mem 8.8G
[train] 2580 loss 0.02458 gn 0.046 1.33s/step mem 8.8G
[train] 2600 loss 0.08061 gn 0.403 1.32s/step mem 8.8G
[train] 2620 loss 0.03893 gn 0.047 1.32s/step mem 8.8G
[train] 2640 loss 0.01166 gn 0.442 1.33s/step mem 8.8G
[train] 2660 loss 0.02715 gn 0.102 1.32s/step mem 8.8G
[train] 2680 loss 0.06674 gn 0.347 1.32s/step mem 8.8G
[train] 2700 loss 0.08824 gn 4.210 1.33s/step mem 8.8G
[train] 2720 loss 0.02826 gn 0.332 1.33s/step mem 8.8G
[train] 2740 loss 0.02487 gn 0.279 1.33s/step mem 8.8G
[train] 2760 loss 0.06170 gn 0.119 1.32s/step mem 8.8G
[train] 2780 loss 0.01923 gn 0.795 1.33s/step mem 8.8G
[train] 2800 loss 0.01574 gn 0.388 1.33s/step mem 8.8G
[train] 2820 loss 0.03507 gn 0.126 1.32s/step mem 8.8G
[train] 2840 loss 0.02427 gn 0.080 1.33s/step mem 8.8G
[train] 2860 loss 0.02620 gn 0.010 1.32s/step mem 8.8G
[train] 2880 loss 0.06087 gn 0.627 1.32s/step mem 8.8G
[train] 2900 loss 0.06792 gn 0.128 1.33s/step mem 8.8G
[train] 2920 loss 0.00725 gn 0.142 1.33s/step mem 8.8G
[train] 2940 loss 0.01624 gn 0.196 1.34s/step mem 8.8G
[train] 2960 loss 0.05882 gn 0.129 1.33s/step mem 8.8G
[train] 2980 loss 0.03514 gn 0.202 1.32s/step mem 8.8G
[train] 3000 loss 0.08795 gn 0.040 1.33s/step mem 8.8G
[val] step 3000 0.04817 [0.24774797074496746, 0.029487014224287122, 0.007309811800951138, 0.0026731012476375327, 0.0011097397364210337, 0.0007068699742376339]
[train] 3020 loss 0.13857 gn 0.030 5.19s/step mem 8.8G
[train] 3040 loss 0.08988 gn 0.126 1.32s/step mem 8.8G
[train] 3060 loss 0.00770 gn 0.203 1.34s/step mem 8.8G
[train] 3080 loss 0.02845 gn 0.336 1.32s/step mem 8.8G
[train] 3100 loss 0.04588 gn 0.012 1.33s/step mem 8.8G
[train] 3120 loss 0.02606 gn 0.121 1.33s/step mem 8.8G
[train] 3140 loss 0.07747 gn 0.200 1.32s/step mem 8.8G
[train] 3160 loss 0.02351 gn 3.947 1.33s/step mem 8.8G
[train] 3180 loss 0.02464 gn 0.296 1.32s/step mem 8.8G
[train] 3200 loss 0.02539 gn 0.285 1.33s/step mem 8.8G
[train] 3220 loss 0.04601 gn 0.065 1.32s/step mem 8.8G
[train] 3240 loss 0.04721 gn 0.034 1.32s/step mem 8.8G
[train] 3260 loss 0.01954 gn 0.094 1.34s/step mem 8.8G
[train] 3280 loss 0.04855 gn 0.265 1.32s/step mem 8.8G
[train] 3300 loss 0.04690 gn 0.261 1.32s/step mem 8.8G
[train] 3320 loss 0.04188 gn 0.435 1.32s/step mem 8.8G
[train] 3340 loss 0.10330 gn 0.021 1.32s/step mem 8.8G
[train] 3360 loss 0.07460 gn 0.268 1.32s/step mem 8.8G
[train] 3380 loss 0.04330 gn 0.131 1.33s/step mem 8.8G
[train] 3400 loss 0.07407 gn 0.015 1.33s/step mem 8.8G
[train] 3420 loss 0.01690 gn 0.093 1.34s/step mem 8.8G
[train] 3440 loss 0.02529 gn 0.056 1.33s/step mem 8.8G
[train] 3460 loss 0.08950 gn 0.126 1.32s/step mem 8.8G
[train] 3480 loss 0.05173 gn 0.313 1.33s/step mem 8.8G
[train] 3500 loss 0.02313 gn 0.526 1.32s/step mem 8.8G
[val] step 3500 0.04812 [0.24809642089530826, 0.02971110970247537, 0.007281599217094481, 0.0024661216739332303, 0.0007743961086816853, 0.0003868935627906467]
[train] 3520 loss 0.08293 gn 0.357 5.19s/step mem 8.8G
[train] 3540 loss 0.04796 gn 0.152 1.32s/step mem 8.8G
[train] 3560 loss 0.04631 gn 0.046 1.33s/step mem 8.8G
[train] 3580 loss 0.01100 gn 2.713 1.32s/step mem 8.8G
[train] 3600 loss 0.06162 gn 0.135 1.32s/step mem 8.8G
[train] 3620 loss 0.11324 gn 0.229 1.33s/step mem 8.8G
[train] 3640 loss 0.07316 gn 0.096 1.33s/step mem 8.8G
[train] 3660 loss 0.03732 gn 0.740 1.32s/step mem 8.8G
[train] 3680 loss 0.05709 gn 0.386 1.33s/step mem 8.8G
[train] 3700 loss 0.02390 gn 0.264 1.32s/step mem 8.8G
[train] 3720 loss 0.09917 gn 0.533 1.32s/step mem 8.8G
[train] 3740 loss 0.02744 gn 0.837 1.33s/step mem 8.8G
[train] 3760 loss 0.11589 gn 0.162 1.32s/step mem 8.8G
[train] 3780 loss 0.01751 gn 0.063 1.32s/step mem 8.8G
[train] 3800 loss 0.00659 gn 1.043 1.33s/step mem 8.8G
[train] 3820 loss 0.05270 gn 0.038 1.32s/step mem 8.8G
[train] 3840 loss 0.05691 gn 0.798 1.33s/step mem 8.8G
[train] 3860 loss 0.02850 gn 0.061 1.33s/step mem 8.8G
[train] 3880 loss 0.06003 gn 0.075 1.32s/step mem 8.8G
[train] 3900 loss 0.01807 gn 0.640 1.33s/step mem 8.8G
[train] 3920 loss 0.03847 gn 0.055 1.33s/step mem 8.8G
[train] 3940 loss 0.12768 gn 4.228 1.33s/step mem 8.8G
[train] 3960 loss 0.01108 gn 0.038 1.32s/step mem 8.8G
[train] 3980 loss 0.04912 gn 0.179 1.32s/step mem 8.8G
[train] 4000 loss 0.05756 gn 0.071 1.33s/step mem 8.8G
[val] step 4000 0.04870 [0.24974130000919104, 0.030698454123921692, 0.007761655637295917, 0.0026784918081830256, 0.0008966972127382178, 0.0004198235901640146]
[train] 4020 loss 0.06656 gn 1.166 5.18s/step mem 8.8G
[train] 4040 loss 0.00785 gn 0.101 1.33s/step mem 8.8G
[train] 4060 loss 0.04212 gn 0.060 1.32s/step mem 8.8G
[train] 4080 loss 0.04045 gn 0.363 1.32s/step mem 8.8G
[train] 4100 loss 0.08555 gn 0.784 1.33s/step mem 8.8G
[train] 4120 loss 0.04831 gn 2.217 1.32s/step mem 8.8G
[train] 4140 loss 0.03961 gn 0.082 1.33s/step mem 8.8G
[train] 4160 loss 0.02717 gn 0.015 1.33s/step mem 8.8G
[train] 4180 loss 0.03516 gn 0.080 1.32s/step mem 8.8G
[train] 4200 loss 0.02817 gn 0.685 1.32s/step mem 8.8G
[train] 4220 loss 0.05500 gn 0.344 1.32s/step mem 8.8G
[train] 4240 loss 0.05542 gn 0.045 1.32s/step mem 8.8G
[train] 4260 loss 0.09306 gn 0.197 1.33s/step mem 8.8G
[train] 4280 loss 0.05963 gn 0.311 1.32s/step mem 8.8G
[train] 4300 loss 0.01080 gn 0.078 1.33s/step mem 8.8G
[train] 4320 loss 0.02226 gn 0.217 1.32s/step mem 8.8G
[train] 4340 loss 0.05997 gn 0.014 1.33s/step mem 8.8G
[train] 4360 loss 0.04515 gn 0.333 1.33s/step mem 8.8G
[train] 4380 loss 0.01308 gn 0.036 1.32s/step mem 8.8G
[train] 4400 loss 0.01593 gn 0.196 1.33s/step mem 8.8G
[train] 4420 loss 0.01552 gn 0.404 1.33s/step mem 8.8G
[train] 4440 loss 0.06270 gn 0.095 1.32s/step mem 8.8G
[train] 4460 loss 0.08575 gn 0.095 1.33s/step mem 8.8G
[train] 4480 loss 0.04613 gn 0.155 1.33s/step mem 8.8G
[train] 4500 loss 0.06380 gn 0.261 1.32s/step mem 8.8G
[val] step 4500 0.04920 [0.25172183383256197, 0.03204470395576209, 0.007903392368461937, 0.0024610667023807764, 0.0007495330246456433, 0.0003133036748295126]
[train] 4520 loss 0.03175 gn 2.856 5.18s/step mem 8.8G
[train] 4540 loss 0.04665 gn 0.974 1.32s/step mem 8.8G
[train] 4560 loss 0.07040 gn 1.239 1.32s/step mem 8.8G
[train] 4580 loss 0.10406 gn 0.125 1.32s/step mem 8.8G
[train] 4600 loss 0.01140 gn 0.186 1.32s/step mem 8.8G
[train] 4620 loss 0.01506 gn 0.893 1.33s/step mem 8.8G
[train] 4640 loss 0.03136 gn 0.076 1.32s/step mem 8.8G
[train] 4660 loss 0.03851 gn 0.550 1.32s/step mem 8.8G
[train] 4680 loss 0.02874 gn 0.129 1.33s/step mem 8.8G
[train] 4700 loss 0.05918 gn 0.324 1.32s/step mem 8.8G
[train] 4720 loss 0.00983 gn 0.187 1.32s/step mem 8.8G
[train] 4740 loss 0.03398 gn 0.106 1.33s/step mem 8.8G
[train] 4760 loss 0.02450 gn 0.104 1.33s/step mem 8.8G
[train] 4780 loss 0.08276 gn 0.230 1.33s/step mem 8.8G
[train] 4800 loss 0.04939 gn 0.286 1.32s/step mem 8.8G
[train] 4820 loss 0.04543 gn 1.368 1.32s/step mem 8.8G
[train] 4840 loss 0.07580 gn 0.338 1.33s/step mem 8.8G
[train] 4860 loss 0.00998 gn 0.088 1.32s/step mem 8.8G
[train] 4880 loss 0.02077 gn 0.151 1.32s/step mem 8.8G
[train] 4900 loss 0.01347 gn 0.505 1.33s/step mem 8.8G
[train] 4920 loss 0.01631 gn 0.431 1.32s/step mem 8.8G
[train] 4940 loss 0.04785 gn 0.024 1.33s/step mem 8.8G
[train] 4960 loss 0.06096 gn 0.054 1.32s/step mem 8.8G
[train] 4980 loss 0.00848 gn 0.026 1.33s/step mem 8.8G
[train] 5000 loss 0.06392 gn 0.022 1.34s/step mem 8.8G
[val] step 5000 0.04836 [0.24937417218461633, 0.030108628037851304, 0.007086323603289202, 0.002359987047384493, 0.0007846870757930446, 0.00047059379267011536]
[train] 5020 loss 0.06044 gn 0.556 5.19s/step mem 8.8G
[train] 5040 loss 0.01513 gn 0.009 1.33s/step mem 8.8G
[train] 5060 loss 0.02228 gn 0.067 1.32s/step mem 8.8G
[train] 5080 loss 0.05995 gn 0.681 1.32s/step mem 8.8G
[train] 5100 loss 0.03152 gn 0.097 1.33s/step mem 8.8G
[train] 5120 loss 0.05680 gn 0.070 1.32s/step mem 8.8G
[train] 5140 loss 0.02234 gn 0.107 1.33s/step mem 8.8G
[train] 5160 loss 0.05295 gn 0.886 1.32s/step mem 8.8G
[train] 5180 loss 0.06462 gn 0.306 1.32s/step mem 8.8G
[train] 5200 loss 0.02530 gn 0.142 1.33s/step mem 8.8G
[train] 5220 loss 0.05888 gn 0.182 1.32s/step mem 8.8G
[train] 5240 loss 0.04651 gn 0.043 1.33s/step mem 8.8G
[train] 5260 loss 0.05445 gn 0.053 1.34s/step mem 8.8G
[train] 5280 loss 0.06389 gn 0.177 1.32s/step mem 8.8G
[train] 5300 loss 0.05553 gn 0.140 1.33s/step mem 8.8G
[train] 5320 loss 0.01571 gn 0.131 1.32s/step mem 8.8G
[train] 5340 loss 0.04956 gn 0.056 1.32s/step mem 8.8G
[train] 5360 loss 0.03548 gn 0.087 1.33s/step mem 8.8G
[train] 5380 loss 0.05105 gn 0.046 1.32s/step mem 8.8G
[train] 5400 loss 0.01420 gn 0.055 1.33s/step mem 8.8G
[train] 5420 loss 0.03549 gn 0.567 1.33s/step mem 8.8G
[train] 5440 loss 0.00767 gn 0.049 1.33s/step mem 8.8G
[train] 5460 loss 0.02081 gn 0.118 1.33s/step mem 8.8G
[train] 5480 loss 0.04099 gn 0.219 1.32s/step mem 8.8G
[train] 5500 loss 0.03085 gn 0.164 1.33s/step mem 8.8G
[val] step 5500 0.04852 [0.25013055093586445, 0.02983534405939281, 0.007262475439347327, 0.0025659362363512628, 0.000831888788525248, 0.00046844983535265783]
[train] 5520 loss 0.04139 gn 0.026 5.17s/step mem 8.8G
[train] 5540 loss 0.07703 gn 0.670 1.32s/step mem 8.8G
[train] 5560 loss 0.01646 gn 0.052 1.33s/step mem 8.8G
[train] 5580 loss 0.01657 gn 0.163 1.32s/step mem 8.8G
[train] 5600 loss 0.06980 gn 0.176 1.32s/step mem 8.8G
[train] 5620 loss 0.16909 gn 0.075 1.32s/step mem 8.8G
[train] 5640 loss 0.02554 gn 0.158 1.32s/step mem 8.8G
[train] 5660 loss 0.07419 gn 0.025 1.33s/step mem 8.8G
[train] 5680 loss 0.01331 gn 0.199 1.32s/step mem 8.8G
[train] 5700 loss 0.06259 gn 0.506 1.32s/step mem 8.8G
[train] 5720 loss 0.03024 gn 0.088 1.33s/step mem 8.8G
[train] 5740 loss 0.00793 gn 0.304 1.32s/step mem 8.8G
[train] 5760 loss 0.05786 gn 0.018 1.33s/step mem 8.8G
[train] 5780 loss 0.02646 gn 0.311 1.32s/step mem 8.8G
[train] 5800 loss 0.03460 gn 0.060 1.32s/step mem 8.8G
[train] 5820 loss 0.02089 gn 0.334 1.33s/step mem 8.8G
[train] 5840 loss 0.03128 gn 0.152 1.32s/step mem 8.8G
[train] 5860 loss 0.03356 gn 0.174 1.32s/step mem 8.8G
[train] 5880 loss 0.01612 gn 0.045 1.33s/step mem 8.8G
[train] 5900 loss 0.02307 gn 0.106 1.32s/step mem 8.8G
[train] 5920 loss 0.03293 gn 0.035 1.33s/step mem 8.8G
[train] 5940 loss 0.00695 gn 0.764 1.32s/step mem 8.8G
[train] 5960 loss 0.02953 gn 0.047 1.32s/step mem 8.8G
[train] 5980 loss 0.06278 gn 0.038 1.33s/step mem 8.8G
[train] 6000 loss 0.07372 gn 0.086 1.32s/step mem 8.8G
[val] step 6000 0.05112 [0.2580908783711493, 0.03216472623171285, 0.011307378386845812, 0.003255484967667144, 0.001090067153199925, 0.0008358611430594465]
[train] 6020 loss 0.06419 gn 0.106 5.20s/step mem 8.8G
[train] 6040 loss 0.04777 gn 0.085 1.32s/step mem 8.8G
[train] 6060 loss 0.09400 gn 0.043 1.33s/step mem 8.8G
[train] 6080 loss 0.01897 gn 0.154 1.32s/step mem 8.8G
[train] 6100 loss 0.04479 gn 0.424 1.32s/step mem 8.8G
[train] 6120 loss 0.03150 gn 0.105 1.33s/step mem 8.8G
[train] 6140 loss 0.03153 gn 0.072 1.32s/step mem 8.8G
[train] 6160 loss 0.01739 gn 0.528 1.32s/step mem 8.8G
[train] 6180 loss 0.03743 gn 0.090 1.33s/step mem 8.8G
[train] 6200 loss 0.04190 gn 0.027 1.32s/step mem 8.8G
[train] 6220 loss 0.01733 gn 0.288 1.33s/step mem 8.8G
[train] 6240 loss 0.06673 gn 0.112 1.32s/step mem 8.8G
[train] 6260 loss 0.06440 gn 0.068 1.32s/step mem 8.8G
[train] 6280 loss 0.02496 gn 0.031 1.33s/step mem 8.8G
[train] 6300 loss 0.02152 gn 0.088 1.32s/step mem 8.8G
[train] 6320 loss 0.03927 gn 0.379 1.32s/step mem 8.8G
[train] 6340 loss 0.01852 gn 0.116 1.33s/step mem 8.8G
[train] 6360 loss 0.02872 gn 0.024 1.32s/step mem 8.8G
[train] 6380 loss 0.03712 gn 0.078 1.33s/step mem 8.8G
[train] 6400 loss 0.03429 gn 0.103 1.33s/step mem 8.8G
[train] 6420 loss 0.03204 gn 0.203 1.32s/step mem 8.8G
[train] 6440 loss 0.02573 gn 0.032 1.32s/step mem 8.8G
[train] 6460 loss 0.03597 gn 0.160 1.32s/step mem 8.8G
[train] 6480 loss 0.03397 gn 0.031 1.33s/step mem 8.8G
[train] 6500 loss 0.03830 gn 0.079 1.32s/step mem 8.8G
[val] step 6500 0.04932 [0.25520478235557675, 0.029753989656455815, 0.00713385667768307, 0.0026145598967559636, 0.0007979588008311111, 0.00042760971973621054]
[train] 6520 loss 0.03306 gn 0.305 5.18s/step mem 8.8G
[train] 6540 loss 0.01190 gn 0.466 1.33s/step mem 8.8G
[train] 6560 loss 0.02290 gn 0.236 1.32s/step mem 8.8G
[train] 6580 loss 0.05681 gn 0.051 1.33s/step mem 8.8G
[train] 6600 loss 0.04091 gn 0.267 1.32s/step mem 8.8G
[train] 6620 loss 0.01730 gn 0.072 1.32s/step mem 8.8G
[train] 6640 loss 0.00643 gn 0.284 1.33s/step mem 8.8G
[train] 6660 loss 0.06298 gn 0.175 1.31s/step mem 8.8G
[train] 6680 loss 0.01189 gn 0.093 1.34s/step mem 8.8G
[train] 6700 loss 0.04870 gn 0.058 1.32s/step mem 8.8G
[train] 6720 loss 0.05741 gn 0.187 1.32s/step mem 8.8G
[train] 6740 loss 0.02880 gn 0.329 1.33s/step mem 8.8G
[train] 6760 loss 0.03088 gn 0.047 1.33s/step mem 8.8G
[train] 6780 loss 0.01360 gn 0.018 1.32s/step mem 8.8G
[train] 6800 loss 0.02921 gn 0.027 1.33s/step mem 8.8G
[train] 6820 loss 0.02693 gn 0.051 1.32s/step mem 8.8G
[train] 6840 loss 0.04239 gn 0.063 1.33s/step mem 8.8G
[train] 6860 loss 0.03159 gn 0.172 1.32s/step mem 8.8G
[train] 6880 loss 0.08378 gn 0.299 1.32s/step mem 8.8G
[train] 6900 loss 0.04199 gn 0.052 1.34s/step mem 8.8G
[train] 6920 loss 0.04295 gn 0.058 1.32s/step mem 8.8G
[train] 6940 loss 0.13421 gn 0.403 1.33s/step mem 8.8G
[train] 6960 loss 0.08372 gn 0.219 1.32s/step mem 8.8G
[train] 6980 loss 0.01825 gn 0.193 1.32s/step mem 8.8G
[train] 7000 loss 0.06683 gn 0.120 1.33s/step mem 8.8G
[val] step 7000 0.04838 [0.24958840012550354, 0.02908492978895083, 0.007276134376297705, 0.0027948252100031823, 0.0009297238029830623, 0.0006155286973807961]
[train] 7020 loss 0.05805 gn 3.549 5.20s/step mem 8.8G
[train] 7040 loss 0.05344 gn 0.022 1.32s/step mem 8.8G
[train] 7060 loss 0.04823 gn 0.394 1.33s/step mem 8.8G
[train] 7080 loss 0.03610 gn 0.053 1.32s/step mem 8.8G
[train] 7100 loss 0.02342 gn 0.054 1.33s/step mem 8.8G
[train] 7120 loss 0.03771 gn 0.110 1.32s/step mem 8.8G
[train] 7140 loss 0.00624 gn 0.159 1.32s/step mem 8.8G
[train] 7160 loss 0.04637 gn 0.725 1.33s/step mem 8.8G
[train] 7180 loss 0.06045 gn 0.158 1.32s/step mem 8.8G
[train] 7200 loss 0.01919 gn 0.162 1.33s/step mem 8.8G
[train] 7220 loss 0.02841 gn 2.566 1.32s/step mem 8.8G
[train] 7240 loss 0.05773 gn 0.238 1.32s/step mem 8.8G
[train] 7260 loss 0.00726 gn 0.249 1.33s/step mem 8.8G
[train] 7280 loss 0.02234 gn 0.111 1.34s/step mem 8.8G
[train] 7300 loss 0.01885 gn 0.292 1.32s/step mem 8.8G
[train] 7320 loss 0.03826 gn 0.289 1.32s/step mem 8.8G
[train] 7340 loss 0.01526 gn 0.020 1.32s/step mem 8.8G
[train] 7360 loss 0.01601 gn 0.024 1.32s/step mem 8.8G
[train] 7380 loss 0.01300 gn 0.146 1.33s/step mem 8.8G
[train] 7400 loss 0.02809 gn 0.056 1.32s/step mem 8.8G
[train] 7420 loss 0.09946 gn 0.296 1.33s/step mem 8.8G
[train] 7440 loss 0.01061 gn 0.040 1.32s/step mem 8.8G
[train] 7460 loss 0.04308 gn 1.712 1.32s/step mem 8.8G
[train] 7480 loss 0.06493 gn 0.359 1.32s/step mem 8.8G
[train] 7500 loss 0.01826 gn 0.131 1.32s/step mem 8.8G
[val] step 7500 0.04872 [0.2506127026863396, 0.029570401762612164, 0.008034680096898228, 0.0027568346704356372, 0.0008148806391545804, 0.0005117293085277197]
[train] 7520 loss 0.09785 gn 0.451 5.18s/step mem 8.8G
[train] 7540 loss 0.03753 gn 0.015 1.32s/step mem 8.8G
[train] 7560 loss 0.03069 gn 0.045 1.32s/step mem 8.8G
[train] 7580 loss 0.10078 gn 0.177 1.33s/step mem 8.8G
[train] 7600 loss 0.08998 gn 0.058 1.34s/step mem 8.8G
[train] 7620 loss 0.01466 gn 0.213 1.32s/step mem 8.8G
[train] 7640 loss 0.05997 gn 0.228 1.33s/step mem 8.8G
[train] 7660 loss 0.03990 gn 0.538 1.32s/step mem 8.8G
[train] 7680 loss 0.06115 gn 0.166 1.33s/step mem 8.8G
[train] 7700 loss 0.03402 gn 0.088 1.32s/step mem 8.8G
[train] 7720 loss 0.02094 gn 0.627 1.32s/step mem 8.8G
[train] 7740 loss 0.03606 gn 0.195 1.33s/step mem 8.8G
[train] 7760 loss 0.07561 gn 0.118 1.32s/step mem 8.8G
[train] 7780 loss 0.05882 gn 0.156 1.32s/step mem 8.8G
[train] 7800 loss 0.03342 gn 0.020 1.33s/step mem 8.8G
[train] 7820 loss 0.02487 gn 0.047 1.32s/step mem 8.8G
[train] 7840 loss 0.03896 gn 0.907 1.33s/step mem 8.8G
[train] 7860 loss 0.02410 gn 1.292 1.32s/step mem 8.8G
[train] 7880 loss 0.03348 gn 0.323 1.32s/step mem 8.8G
[train] 7900 loss 0.03533 gn 0.033 1.33s/step mem 8.8G
[train] 7920 loss 0.03702 gn 0.275 1.32s/step mem 8.8G
[train] 7940 loss 0.01894 gn 0.110 1.33s/step mem 8.8G
[train] 7960 loss 0.04066 gn 0.050 1.32s/step mem 8.8G
[train] 7980 loss 0.04137 gn 0.082 1.32s/step mem 8.8G
[train] 8000 loss 0.01160 gn 0.151 1.32s/step mem 8.8G
[val] step 8000 0.04859 [0.2504897313192487, 0.029627231473568827, 0.007244487802381627, 0.0028170913792564534, 0.0008906051079975441, 0.0004926448837068165]
[train] 8020 loss 0.02686 gn 0.034 5.20s/step mem 8.8G
[train] 8040 loss 0.05101 gn 0.139 1.33s/step mem 8.8G
[train] 8060 loss 0.05846 gn 0.138 1.32s/step mem 8.8G
[train] 8080 loss 0.01043 gn 0.138 1.32s/step mem 8.8G
[train] 8100 loss 0.02619 gn 0.015 1.33s/step mem 8.8G
[train] 8120 loss 0.01233 gn 0.346 1.32s/step mem 8.8G
[train] 8140 loss 0.07402 gn 0.051 1.32s/step mem 8.8G
[train] 8160 loss 0.02992 gn 0.090 1.33s/step mem 8.8G
[train] 8180 loss 0.02120 gn 0.120 1.32s/step mem 8.8G
[train] 8200 loss 0.05308 gn 0.020 1.32s/step mem 8.8G
[train] 8220 loss 0.04852 gn 0.094 1.33s/step mem 8.8G
[train] 8240 loss 0.03050 gn 0.166 1.32s/step mem 8.8G
[train] 8260 loss 0.05384 gn 0.129 1.33s/step mem 8.8G
[train] 8280 loss 0.06629 gn 0.034 1.32s/step mem 8.8G
[train] 8300 loss 0.04784 gn 0.078 1.33s/step mem 8.8G
[train] 8320 loss 0.02824 gn 0.072 1.32s/step mem 8.8G
[train] 8340 loss 0.03250 gn 0.062 1.32s/step mem 8.8G
[train] 8360 loss 0.03828 gn 0.111 1.33s/step mem 8.8G
[train] 8380 loss 0.08097 gn 0.036 1.32s/step mem 8.8G
[train] 8400 loss 0.03793 gn 0.303 1.31s/step mem 8.8G
[train] 8420 loss 0.02415 gn 0.033 1.33s/step mem 8.8G
[train] 8440 loss 0.04340 gn 0.144 1.32s/step mem 8.8G
[train] 8460 loss 0.04704 gn 0.052 1.32s/step mem 8.8G
[train] 8480 loss 0.07022 gn 0.158 1.33s/step mem 8.8G
[train] 8500 loss 0.02427 gn 0.107 1.32s/step mem 8.8G
[val] step 8500 0.04950 [0.25468440679833293, 0.030312266084365547, 0.007890078908530995, 0.002806359545502346, 0.0008283051356556825, 0.00046118211594148306]
[train] 8520 loss 0.09696 gn 0.036 5.18s/step mem 8.8G
[train] 8540 loss 0.01920 gn 0.010 1.32s/step mem 8.8G
[train] 8560 loss 0.06915 gn 0.070 1.32s/step mem 8.8G
[train] 8580 loss 0.12160 gn 0.090 1.32s/step mem 8.8G
[train] 8600 loss 0.05660 gn 0.056 1.32s/step mem 8.8G
[train] 8620 loss 0.03937 gn 0.066 1.33s/step mem 8.8G
[train] 8640 loss 0.01583 gn 0.903 1.32s/step mem 8.8G
[train] 8660 loss 0.06585 gn 0.072 1.32s/step mem 8.8G
[train] 8680 loss 0.05493 gn 0.176 1.32s/step mem 8.8G
[train] 8700 loss 0.05378 gn 0.010 1.32s/step mem 8.8G
[train] 8720 loss 0.04944 gn 0.030 1.32s/step mem 8.8G
[train] 8740 loss 0.02874 gn 0.179 1.33s/step mem 8.8G
[train] 8760 loss 0.00942 gn 1.306 1.32s/step mem 8.8G
[train] 8780 loss 0.05701 gn 0.123 1.33s/step mem 8.8G
[train] 8800 loss 0.04030 gn 0.806 1.32s/step mem 8.8G
[train] 8820 loss 0.05979 gn 0.738 1.32s/step mem 8.8G
[train] 8840 loss 0.04526 gn 0.268 1.33s/step mem 8.8G
[train] 8860 loss 0.09070 gn 0.015 1.32s/step mem 8.8G
[train] 8880 loss 0.08490 gn 0.156 1.32s/step mem 8.8G
[train] 8900 loss 0.01196 gn 0.225 1.33s/step mem 8.8G
[train] 8920 loss 0.01137 gn 0.115 1.32s/step mem 8.8G
[train] 8940 loss 0.08326 gn 0.180 1.34s/step mem 8.8G
[train] 8960 loss 0.00670 gn 0.081 1.32s/step mem 8.8G
[train] 8980 loss 0.03735 gn 0.915 1.35s/step mem 8.8G
[train] 9000 loss 0.02992 gn 0.529 1.33s/step mem 8.8G
[val] step 9000 0.04850 [0.24993068119511008, 0.029453161172568798, 0.007363969896687195, 0.0029515432033804245, 0.0008519159873685567, 0.00042949733506247867]
[train] 9020 loss 0.02500 gn 0.090 5.20s/step mem 8.8G
[train] 9040 loss 0.10760 gn 5.260 1.33s/step mem 8.8G
[train] 9060 loss 0.06577 gn 0.198 1.32s/step mem 8.8G
[train] 9080 loss 0.01875 gn 0.016 1.32s/step mem 8.8G
[train] 9100 loss 0.06137 gn 0.354 1.33s/step mem 8.8G
[train] 9120 loss 0.01572 gn 0.022 1.32s/step mem 8.8G
[train] 9140 loss 0.07008 gn 0.013 1.34s/step mem 8.8G
[train] 9160 loss 0.06763 gn 0.018 1.32s/step mem 8.8G
[train] 9180 loss 0.01561 gn 0.638 1.32s/step mem 8.8G
[train] 9200 loss 0.02013 gn 0.364 1.33s/step mem 8.8G
[train] 9220 loss 0.01762 gn 0.782 1.32s/step mem 8.8G
[train] 9240 loss 0.03753 gn 0.687 1.32s/step mem 8.8G
[train] 9260 loss 0.01514 gn 1.726 1.33s/step mem 8.8G
[train] 9280 loss 0.04987 gn 0.029 1.32s/step mem 8.8G
[train] 9300 loss 0.00769 gn 0.156 1.33s/step mem 8.8G
[train] 9320 loss 0.04760 gn 0.009 1.32s/step mem 8.8G
[train] 9340 loss 0.07393 gn 0.605 1.32s/step mem 8.8G
[train] 9360 loss 0.01140 gn 0.066 1.33s/step mem 8.8G
[train] 9380 loss 0.04996 gn 0.114 1.32s/step mem 8.8G
[train] 9400 loss 0.03336 gn 0.535 1.33s/step mem 8.8G
[train] 9420 loss 0.04315 gn 0.018 1.33s/step mem 8.8G
[train] 9440 loss 0.03753 gn 0.274 1.35s/step mem 8.8G
[train] 9460 loss 0.08458 gn 0.736 1.33s/step mem 8.8G
[train] 9480 loss 0.05022 gn 0.113 1.32s/step mem 8.8G
[train] 9500 loss 0.03609 gn 0.088 1.33s/step mem 8.8G
[val] step 9500 0.05005 [0.25475649163126945, 0.03156418661819771, 0.009516521633486263, 0.002933859039330855, 0.0009293953953601886, 0.000581320385208528]
[train] 9520 loss 0.05666 gn 0.107 5.17s/step mem 8.8G
[train] 9540 loss 0.01770 gn 0.013 1.32s/step mem 8.8G
[train] 9560 loss 0.01289 gn 0.219 1.33s/step mem 8.8G
[train] 9580 loss 0.03591 gn 0.093 1.32s/step mem 8.8G
[train] 9600 loss 0.02559 gn 0.097 1.33s/step mem 8.8G
[train] 9620 loss 0.04549 gn 0.033 1.33s/step mem 8.8G
[train] 9640 loss 0.08184 gn 0.026 1.32s/step mem 8.8G
[train] 9660 loss 0.02453 gn 0.358 1.32s/step mem 8.8G
[train] 9680 loss 0.01648 gn 0.043 1.34s/step mem 8.8G
[train] 9700 loss 0.03505 gn 0.028 1.33s/step mem 8.8G
[train] 9720 loss 0.05349 gn 0.274 1.33s/step mem 8.8G
[train] 9740 loss 0.08120 gn 0.246 1.32s/step mem 8.8G
[train] 9760 loss 0.00763 gn 0.147 1.33s/step mem 8.8G
[train] 9780 loss 0.04586 gn 0.011 1.32s/step mem 8.8G
[train] 9800 loss 0.03854 gn 0.041 1.32s/step mem 8.8G
[train] 9820 loss 0.03242 gn 0.013 1.33s/step mem 8.8G
[train] 9840 loss 0.07692 gn 0.024 1.32s/step mem 8.8G
[train] 9860 loss 0.02886 gn 0.540 1.33s/step mem 8.8G
[train] 9880 loss 0.03959 gn 0.102 1.33s/step mem 8.8G
[train] 9900 loss 0.08441 gn 0.056 1.32s/step mem 8.8G
[train] 9920 loss 0.03047 gn 0.015 1.33s/step mem 8.8G
[train] 9940 loss 0.05285 gn 0.078 1.32s/step mem 8.8G
[train] 9960 loss 0.04143 gn 0.649 1.32s/step mem 8.8G
[train] 9980 loss 0.00994 gn 0.060 1.32s/step mem 8.8G
[train] 10000 loss 0.01241 gn 0.785 1.32s/step mem 8.8G
[val] step 10000 0.04921 [0.25291506946086884, 0.02989262400660664, 0.008381033563637175, 0.002807125485560391, 0.0008166019251802936, 0.0004606902220984921]
[train] DONE 10000
[s141] train done 2026-10-10T14:34:55Z
