[evalB] fidelity gate OK: 913394e0f8d25b5f179aaffbdd6ba3d9ac7ed21d8f86dd393bf9235ccaf111bb
adapter /mnt/gluster_dcpu/yiyangliu/gwm_s141/runs/B/adapter_final.pt variant B step 10000 lora_tensors 512 warp_tensors 2 up_norm 17.1854 sha256 0dd40c86ea928b74abfa992ba0738f61950bd97d5d26aaa3d0bc494487de1c56 -> OK
[s141] gen B /mnt/gluster_dcpu/yiyangliu/gwm_s134/src/s141/plan_eval_B.json /mnt/gluster_dcpu/yiyangliu/gwm_s141/runs/B/adapter_final.pt /mnt/gluster_dcpu/yiyangliu/gwm_s141/eval/chess_B 3,4,5,6 gpu=4 start 2026-10-10T14:35:39Z
[pipeline_ready]
[s141] variant B adapter /mnt/gluster_dcpu/yiyangliu/gwm_s141/runs/B/adapter_final.pt attn 64
[done] seq-02_from_seq-01_s0150__gl__s01_000000-s02_000150-s01_000600-s01_000800__B_mem s3 38.51s
[done] seq-02_from_seq-01_s0150__gl__s01_000000-s02_000150-s01_000600-s01_000800__B_mem s4 38.36s
[done] seq-02_from_seq-01_s0150__gl__s01_000000-s02_000150-s01_000600-s01_000800__B_mem s5 38.44s
[done] seq-02_from_seq-01_s0150__gl__s01_000000-s02_000150-s01_000600-s01_000800__B_mem s6 38.48s
[done] seq-02_from_seq-01_s0250__gl__s01_000050-s01_000200-s01_000600-s01_000750__B_mem s3 38.46s
[done] seq-02_from_seq-01_s0250__gl__s01_000050-s01_000200-s01_000600-s01_000750__B_mem s4 38.48s
[done] seq-02_from_seq-01_s0250__gl__s01_000050-s01_000200-s01_000600-s01_000750__B_mem s5 38.47s
[done] seq-02_from_seq-01_s0250__gl__s01_000050-s01_000200-s01_000600-s01_000750__B_mem s6 38.45s
[done] seq-02_from_seq-01_s0350__gl__s01_000600-s01_000000-s01_000550-s01_000800__B_mem s3 38.45s
[done] seq-02_from_seq-01_s0350__gl__s01_000600-s01_000000-s01_000550-s01_000800__B_mem s4 38.46s
[done] seq-02_from_seq-01_s0350__gl__s01_000600-s01_000000-s01_000550-s01_000800__B_mem s5 38.44s
[done] seq-02_from_seq-01_s0350__gl__s01_000600-s01_000000-s01_000550-s01_000800__B_mem s6 38.45s
[done] seq-02_from_seq-01_s0450__gl__s01_000500-s01_000400-s01_000200-s01_000050__B_mem s3 38.46s
[done] seq-02_from_seq-01_s0450__gl__s01_000500-s01_000400-s01_000200-s01_000050__B_mem s4 38.45s
[done] seq-02_from_seq-01_s0450__gl__s01_000500-s01_000400-s01_000200-s01_000050__B_mem s5 38.42s
[done] seq-02_from_seq-01_s0450__gl__s01_000500-s01_000400-s01_000200-s01_000050__B_mem s6 38.46s
[done] seq-02_from_seq-01_s0550__gl__s01_000400-s01_000500-s01_000050-s01_000200__B_mem s3 38.44s
[done] seq-02_from_seq-01_s0550__gl__s01_000400-s01_000500-s01_000050-s01_000200__B_mem s4 38.44s
[done] seq-02_from_seq-01_s0550__gl__s01_000400-s01_000500-s01_000050-s01_000200__B_mem s5 38.42s
[done] seq-02_from_seq-01_s0550__gl__s01_000400-s01_000500-s01_000050-s01_000200__B_mem s6 38.45s
[done] seq-02_from_seq-01_s0650__gl__s01_000600-s01_000200-s01_000550-s01_000100__B_mem s3 38.45s
[done] seq-02_from_seq-01_s0650__gl__s01_000600-s01_000200-s01_000550-s01_000100__B_mem s4 38.44s
[done] seq-02_from_seq-01_s0650__gl__s01_000600-s01_000200-s01_000550-s01_000100__B_mem s5 38.42s
[done] seq-02_from_seq-01_s0650__gl__s01_000600-s01_000200-s01_000550-s01_000100__B_mem s6 38.45s
[done] seq-02_from_seq-01_s0750__gl__s01_000550-s02_000750-s01_000400-s01_000200__B_mem s3 38.44s
[done] seq-02_from_seq-01_s0750__gl__s01_000550-s02_000750-s01_000400-s01_000200__B_mem s4 38.44s
[done] seq-02_from_seq-01_s0750__gl__s01_000550-s02_000750-s01_000400-s01_000200__B_mem s5 38.42s
[done] seq-02_from_seq-01_s0750__gl__s01_000550-s02_000750-s01_000400-s01_000200__B_mem s6 38.44s
[done] seq-02_from_seq-01_s0850__gl__s01_000600-s01_000550-s01_000200-s01_000100__B_mem s3 38.44s
[done] seq-02_from_seq-01_s0850__gl__s01_000600-s01_000550-s01_000200-s01_000100__B_mem s4 38.42s
[done] seq-02_from_seq-01_s0850__gl__s01_000600-s01_000550-s01_000200-s01_000100__B_mem s5 38.45s
[done] seq-02_from_seq-01_s0850__gl__s01_000600-s01_000550-s01_000200-s01_000100__B_mem s6 38.48s
[done] seq-03_from_seq-04_s0150__gl__s04_000850-s04_000200-s04_000050-s04_000500__B_mem s3 38.45s
[done] seq-03_from_seq-04_s0150__gl__s04_000850-s04_000200-s04_000050-s04_000500__B_mem s4 38.47s
[done] seq-03_from_seq-04_s0150__gl__s04_000850-s04_000200-s04_000050-s04_000500__B_mem s5 38.42s
[done] seq-03_from_seq-04_s0150__gl__s04_000850-s04_000200-s04_000050-s04_000500__B_mem s6 38.45s
[done] seq-03_from_seq-04_s0250__gl__s04_000650-s04_000250-s04_000350-s04_000200__B_mem s3 38.46s
[done] seq-03_from_seq-04_s0250__gl__s04_000650-s04_000250-s04_000350-s04_000200__B_mem s4 38.43s
[done] seq-03_from_seq-04_s0250__gl__s04_000650-s04_000250-s04_000350-s04_000200__B_mem s5 38.45s
[done] seq-03_from_seq-04_s0250__gl__s04_000650-s04_000250-s04_000350-s04_000200__B_mem s6 38.43s
[done] seq-03_from_seq-04_s0350__gl__s03_000375-s04_000800-s03_000400-s04_000900__B_mem s3 38.44s
[done] seq-03_from_seq-04_s0350__gl__s03_000375-s04_000800-s03_000400-s04_000900__B_mem s4 38.43s
[done] seq-03_from_seq-04_s0350__gl__s03_000375-s04_000800-s03_000400-s04_000900__B_mem s5 38.42s
[done] seq-03_from_seq-04_s0350__gl__s03_000375-s04_000800-s03_000400-s04_000900__B_mem s6 38.41s
[done] seq-03_from_seq-04_s0450__gl__s03_000460-s04_000800-s04_000850-s04_000000__B_mem s3 38.42s
[done] seq-03_from_seq-04_s0450__gl__s03_000460-s04_000800-s04_000850-s04_000000__B_mem s4 38.4s
[done] seq-03_from_seq-04_s0450__gl__s03_000460-s04_000800-s04_000850-s04_000000__B_mem s5 38.42s
[done] seq-03_from_seq-04_s0450__gl__s03_000460-s04_000800-s04_000850-s04_000000__B_mem s6 38.43s
[done] seq-03_from_seq-04_s0550__gl__s04_000800-s03_000555-s04_000850-s04_000200__B_mem s3 38.43s
[done] seq-03_from_seq-04_s0550__gl__s04_000800-s03_000555-s04_000850-s04_000200__B_mem s4 38.41s
[done] seq-03_from_seq-04_s0550__gl__s04_000800-s03_000555-s04_000850-s04_000200__B_mem s5 38.42s
[done] seq-03_from_seq-04_s0550__gl__s04_000800-s03_000555-s04_000850-s04_000200__B_mem s6 38.43s
[done] seq-03_from_seq-04_s0650__gl__s04_000300-s04_000950-s04_000050-s04_000500__B_mem s3 38.43s
[done] seq-03_from_seq-04_s0650__gl__s04_000300-s04_000950-s04_000050-s04_000500__B_mem s4 38.42s
[done] seq-03_from_seq-04_s0650__gl__s04_000300-s04_000950-s04_000050-s04_000500__B_mem s5 38.42s
[done] seq-03_from_seq-04_s0650__gl__s04_000300-s04_000950-s04_000050-s04_000500__B_mem s6 38.41s
[done] seq-03_from_seq-04_s0750__gl__s04_000350-s04_000150-s04_000050-s04_000500__B_mem s3 38.44s
[done] seq-03_from_seq-04_s0750__gl__s04_000350-s04_000150-s04_000050-s04_000500__B_mem s4 38.42s
[done] seq-03_from_seq-04_s0750__gl__s04_000350-s04_000150-s04_000050-s04_000500__B_mem s5 38.45s
[done] seq-03_from_seq-04_s0750__gl__s04_000350-s04_000150-s04_000050-s04_000500__B_mem s6 38.42s
[done] seq-03_from_seq-04_s0850__gl__s04_000750-s04_000850-s04_000500-s04_000000__B_mem s3 38.45s
[done] seq-03_from_seq-04_s0850__gl__s04_000750-s04_000850-s04_000500-s04_000000__B_mem s4 38.44s
[done] seq-03_from_seq-04_s0850__gl__s04_000750-s04_000850-s04_000500-s04_000000__B_mem s5 38.42s
[done] seq-03_from_seq-04_s0850__gl__s04_000750-s04_000850-s04_000500-s04_000000__B_mem s6 38.4s
[done] seq-05_from_seq-06_s0150__gl__s05_000205-s06_000800-s06_000050-s06_000450__B_mem s3 38.42s
[done] seq-05_from_seq-06_s0150__gl__s05_000205-s06_000800-s06_000050-s06_000450__B_mem s4 38.39s
[done] seq-05_from_seq-06_s0150__gl__s05_000205-s06_000800-s06_000050-s06_000450__B_mem s5 38.41s
[done] seq-05_from_seq-06_s0150__gl__s05_000205-s06_000800-s06_000050-s06_000450__B_mem s6 38.41s
[done] seq-05_from_seq-06_s0250__gl__s06_000250-s06_000950-s06_000200-s06_000900__B_mem s3 38.44s
[done] seq-05_from_seq-06_s0250__gl__s06_000250-s06_000950-s06_000200-s06_000900__B_mem s4 38.42s
[done] seq-05_from_seq-06_s0250__gl__s06_000250-s06_000950-s06_000200-s06_000900__B_mem s5 38.44s
[done] seq-05_from_seq-06_s0250__gl__s06_000250-s06_000950-s06_000200-s06_000900__B_mem s6 38.41s
[done] seq-05_from_seq-06_s0350__gl__s06_000200-s06_000850-s06_000900-s05_000405__B_mem s3 38.44s
[done] seq-05_from_seq-06_s0350__gl__s06_000200-s06_000850-s06_000900-s05_000405__B_mem s4 38.41s
[done] seq-05_from_seq-06_s0350__gl__s06_000200-s06_000850-s06_000900-s05_000405__B_mem s5 38.45s
[done] seq-05_from_seq-06_s0350__gl__s06_000200-s06_000850-s06_000900-s05_000405__B_mem s6 38.42s
[done] seq-05_from_seq-06_s0450__gl__s06_000050-s06_000800-s05_000450-s06_000950__B_mem s3 38.46s
[done] seq-05_from_seq-06_s0450__gl__s06_000050-s06_000800-s05_000450-s06_000950__B_mem s4 38.41s
[done] seq-05_from_seq-06_s0450__gl__s06_000050-s06_000800-s05_000450-s06_000950__B_mem s5 38.4s
[done] seq-05_from_seq-06_s0450__gl__s06_000050-s06_000800-s05_000450-s06_000950__B_mem s6 38.45s
[done] seq-05_from_seq-06_s0550__gl__s05_000590-s06_000050-s06_000900-s06_000250__B_mem s3 38.43s
[done] seq-05_from_seq-06_s0550__gl__s05_000590-s06_000050-s06_000900-s06_000250__B_mem s4 38.46s
[done] seq-05_from_seq-06_s0550__gl__s05_000590-s06_000050-s06_000900-s06_000250__B_mem s5 38.4s
[done] seq-05_from_seq-06_s0550__gl__s05_000590-s06_000050-s06_000900-s06_000250__B_mem s6 38.41s
[done] seq-05_from_seq-06_s0650__gl__s05_000705-s06_000800-s06_000000-s06_000100__B_mem s3 38.4s
[done] seq-05_from_seq-06_s0650__gl__s05_000705-s06_000800-s06_000000-s06_000100__B_mem s4 38.43s
[done] seq-05_from_seq-06_s0650__gl__s05_000705-s06_000800-s06_000000-s06_000100__B_mem s5 38.42s
[done] seq-05_from_seq-06_s0650__gl__s05_000705-s06_000800-s06_000000-s06_000100__B_mem s6 38.41s
[done] seq-05_from_seq-06_s0750__gl__s06_000650-s06_000800-s06_000100-s06_000200__B_mem s3 38.44s
[done] seq-05_from_seq-06_s0750__gl__s06_000650-s06_000800-s06_000100-s06_000200__B_mem s4 38.44s
[done] seq-05_from_seq-06_s0750__gl__s06_000650-s06_000800-s06_000100-s06_000200__B_mem s5 38.4s
[done] seq-05_from_seq-06_s0750__gl__s06_000650-s06_000800-s06_000100-s06_000200__B_mem s6 38.44s
[done] seq-05_from_seq-06_s0850__gl__s06_000200-s06_000100-s06_000250-s06_000950__B_mem s3 38.44s
[done] seq-05_from_seq-06_s0850__gl__s06_000200-s06_000100-s06_000250-s06_000950__B_mem s4 38.41s
[done] seq-05_from_seq-06_s0850__gl__s06_000200-s06_000100-s06_000250-s06_000950__B_mem s5 38.42s
[done] seq-05_from_seq-06_s0850__gl__s06_000200-s06_000100-s06_000250-s06_000950__B_mem s6 38.4s
[s141] gen done 2026-10-10T15:38:45Z
scored 96 warps 24
[evalB] plan_eval_B.json generated+scored 96 2026-10-10T15:39:30Z
[s141] gen B /mnt/gluster_dcpu/yiyangliu/gwm_s134/src/s141/plan_eval_Bstatic.json /mnt/gluster_dcpu/yiyangliu/gwm_s141/runs/B/adapter_final.pt /mnt/gluster_dcpu/yiyangliu/gwm_s141/eval/chess_Bstatic 3,4,5,6 gpu=4 start 2026-10-10T15:39:30Z
[pipeline_ready]
[s141] variant B adapter /mnt/gluster_dcpu/yiyangliu/gwm_s141/runs/B/adapter_final.pt attn 64
[done] seq-02_from_seq-01_s0150__gl__s02_000150-s02_000165-s02_000180-s02_000195__B_static s3 38.5s
[done] seq-02_from_seq-01_s0150__gl__s02_000150-s02_000165-s02_000180-s02_000195__B_static s4 39.67s
[done] seq-02_from_seq-01_s0150__gl__s02_000150-s02_000165-s02_000180-s02_000195__B_static s5 41.74s
[done] seq-02_from_seq-01_s0150__gl__s02_000150-s02_000165-s02_000180-s02_000195__B_static s6 39.97s
[done] seq-02_from_seq-01_s0250__gl__s02_000250-s02_000265-s02_000280-s02_000295__B_static s3 42.13s
[done] seq-02_from_seq-01_s0250__gl__s02_000250-s02_000265-s02_000280-s02_000295__B_static s4 40.5s
[done] seq-02_from_seq-01_s0250__gl__s02_000250-s02_000265-s02_000280-s02_000295__B_static s5 39.16s
[done] seq-02_from_seq-01_s0250__gl__s02_000250-s02_000265-s02_000280-s02_000295__B_static s6 38.41s
[done] seq-02_from_seq-01_s0350__gl__s02_000350-s02_000365-s02_000380-s02_000395__B_static s3 38.45s
[done] seq-02_from_seq-01_s0350__gl__s02_000350-s02_000365-s02_000380-s02_000395__B_static s4 38.4s
[done] seq-02_from_seq-01_s0350__gl__s02_000350-s02_000365-s02_000380-s02_000395__B_static s5 38.38s
[done] seq-02_from_seq-01_s0350__gl__s02_000350-s02_000365-s02_000380-s02_000395__B_static s6 38.39s
[done] seq-02_from_seq-01_s0450__gl__s02_000450-s02_000465-s02_000480-s02_000495__B_static s3 38.41s
[done] seq-02_from_seq-01_s0450__gl__s02_000450-s02_000465-s02_000480-s02_000495__B_static s4 38.42s
[done] seq-02_from_seq-01_s0450__gl__s02_000450-s02_000465-s02_000480-s02_000495__B_static s5 38.47s
[done] seq-02_from_seq-01_s0450__gl__s02_000450-s02_000465-s02_000480-s02_000495__B_static s6 38.42s
[done] seq-02_from_seq-01_s0550__gl__s02_000550-s02_000565-s02_000580-s02_000595__B_static s3 38.41s
[done] seq-02_from_seq-01_s0550__gl__s02_000550-s02_000565-s02_000580-s02_000595__B_static s4 38.39s
[done] seq-02_from_seq-01_s0550__gl__s02_000550-s02_000565-s02_000580-s02_000595__B_static s5 38.42s
[done] seq-02_from_seq-01_s0550__gl__s02_000550-s02_000565-s02_000580-s02_000595__B_static s6 38.43s
[done] seq-02_from_seq-01_s0650__gl__s02_000650-s02_000665-s02_000680-s02_000695__B_static s3 38.41s
[done] seq-02_from_seq-01_s0650__gl__s02_000650-s02_000665-s02_000680-s02_000695__B_static s4 38.43s
[done] seq-02_from_seq-01_s0650__gl__s02_000650-s02_000665-s02_000680-s02_000695__B_static s5 38.4s
[done] seq-02_from_seq-01_s0650__gl__s02_000650-s02_000665-s02_000680-s02_000695__B_static s6 38.39s
[done] seq-02_from_seq-01_s0750__gl__s02_000750-s02_000765-s02_000780-s02_000795__B_static s3 38.42s
[done] seq-02_from_seq-01_s0750__gl__s02_000750-s02_000765-s02_000780-s02_000795__B_static s4 38.41s
[done] seq-02_from_seq-01_s0750__gl__s02_000750-s02_000765-s02_000780-s02_000795__B_static s5 38.4s
[done] seq-02_from_seq-01_s0750__gl__s02_000750-s02_000765-s02_000780-s02_000795__B_static s6 38.43s
[done] seq-02_from_seq-01_s0850__gl__s02_000850-s02_000865-s02_000880-s02_000895__B_static s3 38.4s
[done] seq-02_from_seq-01_s0850__gl__s02_000850-s02_000865-s02_000880-s02_000895__B_static s4 38.43s
[done] seq-02_from_seq-01_s0850__gl__s02_000850-s02_000865-s02_000880-s02_000895__B_static s5 38.44s
[done] seq-02_from_seq-01_s0850__gl__s02_000850-s02_000865-s02_000880-s02_000895__B_static s6 38.42s
[done] seq-03_from_seq-04_s0150__gl__s03_000150-s03_000165-s03_000180-s03_000195__B_static s3 38.45s
[done] seq-03_from_seq-04_s0150__gl__s03_000150-s03_000165-s03_000180-s03_000195__B_static s4 38.4s
[done] seq-03_from_seq-04_s0150__gl__s03_000150-s03_000165-s03_000180-s03_000195__B_static s5 38.43s
[done] seq-03_from_seq-04_s0150__gl__s03_000150-s03_000165-s03_000180-s03_000195__B_static s6 38.39s
[done] seq-03_from_seq-04_s0250__gl__s03_000250-s03_000265-s03_000280-s03_000295__B_static s3 38.43s
[done] seq-03_from_seq-04_s0250__gl__s03_000250-s03_000265-s03_000280-s03_000295__B_static s4 38.4s
[done] seq-03_from_seq-04_s0250__gl__s03_000250-s03_000265-s03_000280-s03_000295__B_static s5 38.38s
[done] seq-03_from_seq-04_s0250__gl__s03_000250-s03_000265-s03_000280-s03_000295__B_static s6 38.37s
[done] seq-03_from_seq-04_s0350__gl__s03_000350-s03_000365-s03_000380-s03_000395__B_static s3 38.39s
[done] seq-03_from_seq-04_s0350__gl__s03_000350-s03_000365-s03_000380-s03_000395__B_static s4 38.37s
[done] seq-03_from_seq-04_s0350__gl__s03_000350-s03_000365-s03_000380-s03_000395__B_static s5 38.4s
[done] seq-03_from_seq-04_s0350__gl__s03_000350-s03_000365-s03_000380-s03_000395__B_static s6 38.4s
[done] seq-03_from_seq-04_s0450__gl__s03_000450-s03_000465-s03_000480-s03_000495__B_static s3 38.4s
[done] seq-03_from_seq-04_s0450__gl__s03_000450-s03_000465-s03_000480-s03_000495__B_static s4 38.4s
[done] seq-03_from_seq-04_s0450__gl__s03_000450-s03_000465-s03_000480-s03_000495__B_static s5 38.42s
[done] seq-03_from_seq-04_s0450__gl__s03_000450-s03_000465-s03_000480-s03_000495__B_static s6 38.42s
[done] seq-03_from_seq-04_s0550__gl__s03_000550-s03_000565-s03_000580-s03_000595__B_static s3 38.43s
[done] seq-03_from_seq-04_s0550__gl__s03_000550-s03_000565-s03_000580-s03_000595__B_static s4 38.43s
[done] seq-03_from_seq-04_s0550__gl__s03_000550-s03_000565-s03_000580-s03_000595__B_static s5 38.39s
[done] seq-03_from_seq-04_s0550__gl__s03_000550-s03_000565-s03_000580-s03_000595__B_static s6 38.38s
[done] seq-03_from_seq-04_s0650__gl__s03_000650-s03_000665-s03_000680-s03_000695__B_static s3 38.42s
[done] seq-03_from_seq-04_s0650__gl__s03_000650-s03_000665-s03_000680-s03_000695__B_static s4 38.4s
[done] seq-03_from_seq-04_s0650__gl__s03_000650-s03_000665-s03_000680-s03_000695__B_static s5 38.41s
[done] seq-03_from_seq-04_s0650__gl__s03_000650-s03_000665-s03_000680-s03_000695__B_static s6 38.36s
[done] seq-03_from_seq-04_s0750__gl__s03_000750-s03_000765-s03_000780-s03_000795__B_static s3 38.37s
[done] seq-03_from_seq-04_s0750__gl__s03_000750-s03_000765-s03_000780-s03_000795__B_static s4 38.41s
[done] seq-03_from_seq-04_s0750__gl__s03_000750-s03_000765-s03_000780-s03_000795__B_static s5 38.39s
[done] seq-03_from_seq-04_s0750__gl__s03_000750-s03_000765-s03_000780-s03_000795__B_static s6 38.4s
[done] seq-03_from_seq-04_s0850__gl__s03_000850-s03_000865-s03_000880-s03_000895__B_static s3 38.39s
[done] seq-03_from_seq-04_s0850__gl__s03_000850-s03_000865-s03_000880-s03_000895__B_static s4 38.37s
[done] seq-03_from_seq-04_s0850__gl__s03_000850-s03_000865-s03_000880-s03_000895__B_static s5 38.37s
[done] seq-03_from_seq-04_s0850__gl__s03_000850-s03_000865-s03_000880-s03_000895__B_static s6 38.35s
[done] seq-05_from_seq-06_s0150__gl__s05_000150-s05_000165-s05_000180-s05_000195__B_static s3 38.44s
[done] seq-05_from_seq-06_s0150__gl__s05_000150-s05_000165-s05_000180-s05_000195__B_static s4 38.39s
[done] seq-05_from_seq-06_s0150__gl__s05_000150-s05_000165-s05_000180-s05_000195__B_static s5 38.39s
[done] seq-05_from_seq-06_s0150__gl__s05_000150-s05_000165-s05_000180-s05_000195__B_static s6 38.36s
[done] seq-05_from_seq-06_s0250__gl__s05_000250-s05_000265-s05_000280-s05_000295__B_static s3 38.39s
[done] seq-05_from_seq-06_s0250__gl__s05_000250-s05_000265-s05_000280-s05_000295__B_static s4 38.38s
[done] seq-05_from_seq-06_s0250__gl__s05_000250-s05_000265-s05_000280-s05_000295__B_static s5 38.37s
[done] seq-05_from_seq-06_s0250__gl__s05_000250-s05_000265-s05_000280-s05_000295__B_static s6 38.41s
[done] seq-05_from_seq-06_s0350__gl__s05_000350-s05_000365-s05_000380-s05_000395__B_static s3 38.43s
[done] seq-05_from_seq-06_s0350__gl__s05_000350-s05_000365-s05_000380-s05_000395__B_static s4 38.41s
[done] seq-05_from_seq-06_s0350__gl__s05_000350-s05_000365-s05_000380-s05_000395__B_static s5 38.4s
[done] seq-05_from_seq-06_s0350__gl__s05_000350-s05_000365-s05_000380-s05_000395__B_static s6 38.39s
[done] seq-05_from_seq-06_s0450__gl__s05_000450-s05_000465-s05_000480-s05_000495__B_static s3 38.42s
[done] seq-05_from_seq-06_s0450__gl__s05_000450-s05_000465-s05_000480-s05_000495__B_static s4 38.4s
[done] seq-05_from_seq-06_s0450__gl__s05_000450-s05_000465-s05_000480-s05_000495__B_static s5 38.39s
[done] seq-05_from_seq-06_s0450__gl__s05_000450-s05_000465-s05_000480-s05_000495__B_static s6 38.39s
[done] seq-05_from_seq-06_s0550__gl__s05_000550-s05_000565-s05_000580-s05_000595__B_static s3 38.39s
[done] seq-05_from_seq-06_s0550__gl__s05_000550-s05_000565-s05_000580-s05_000595__B_static s4 38.38s
[done] seq-05_from_seq-06_s0550__gl__s05_000550-s05_000565-s05_000580-s05_000595__B_static s5 38.4s
[done] seq-05_from_seq-06_s0550__gl__s05_000550-s05_000565-s05_000580-s05_000595__B_static s6 38.39s
[done] seq-05_from_seq-06_s0650__gl__s05_000650-s05_000665-s05_000680-s05_000695__B_static s3 38.42s
[done] seq-05_from_seq-06_s0650__gl__s05_000650-s05_000665-s05_000680-s05_000695__B_static s4 38.42s
[done] seq-05_from_seq-06_s0650__gl__s05_000650-s05_000665-s05_000680-s05_000695__B_static s5 38.42s
[done] seq-05_from_seq-06_s0650__gl__s05_000650-s05_000665-s05_000680-s05_000695__B_static s6 38.39s
[done] seq-05_from_seq-06_s0750__gl__s05_000750-s05_000765-s05_000780-s05_000795__B_static s3 38.41s
[done] seq-05_from_seq-06_s0750__gl__s05_000750-s05_000765-s05_000780-s05_000795__B_static s4 38.4s
[done] seq-05_from_seq-06_s0750__gl__s05_000750-s05_000765-s05_000780-s05_000795__B_static s5 38.4s
[done] seq-05_from_seq-06_s0750__gl__s05_000750-s05_000765-s05_000780-s05_000795__B_static s6 38.39s
[done] seq-05_from_seq-06_s0850__gl__s05_000850-s05_000865-s05_000880-s05_000895__B_static s3 38.44s
[done] seq-05_from_seq-06_s0850__gl__s05_000850-s05_000865-s05_000880-s05_000895__B_static s4 38.39s
[done] seq-05_from_seq-06_s0850__gl__s05_000850-s05_000865-s05_000880-s05_000895__B_static s5 38.35s
[done] seq-05_from_seq-06_s0850__gl__s05_000850-s05_000865-s05_000880-s05_000895__B_static s6 38.36s
[s141] gen done 2026-10-10T16:42:56Z
scored 96 warps 24
[evalB] plan_eval_Bstatic.json generated+scored 96 2026-10-10T16:43:40Z
[s141] gen B /mnt/gluster_dcpu/yiyangliu/gwm_s134/src/s141/plan_rgbd_B.json /mnt/gluster_dcpu/yiyangliu/gwm_s141/runs/B/adapter_final.pt /mnt/gluster_dcpu/yiyangliu/gwm_s141/eval/rgbd_B 3,4,5,6 gpu=4 start 2026-10-10T16:43:40Z
[pipeline_ready]
[s141] variant B adapter /mnt/gluster_dcpu/yiyangliu/gwm_s141/runs/B/adapter_final.pt attn 64
[done] scene_13__w0000__gl__0-15-30-45__B_static s3 38.43s
[done] scene_13__w0000__gl__0-15-30-45__B_static s4 38.31s
[done] scene_13__w0000__gl__0-15-30-45__B_static s5 38.37s
[done] scene_13__w0000__gl__0-15-30-45__B_static s6 38.41s
[done] scene_13__w0050__gl__50-65-80-95__B_static s3 38.5s
[done] scene_13__w0050__gl__50-65-80-95__B_static s4 38.5s
[done] scene_13__w0050__gl__50-65-80-95__B_static s5 38.46s
[done] scene_13__w0050__gl__50-65-80-95__B_static s6 38.46s
[done] scene_13__w0100__gl__100-115-130-145__B_static s3 38.45s
[done] scene_13__w0100__gl__100-115-130-145__B_static s4 38.45s
[done] scene_13__w0100__gl__100-115-130-145__B_static s5 38.34s
[done] scene_13__w0100__gl__100-115-130-145__B_static s6 38.42s
[done] scene_13__w0150__gl__150-165-180-195__B_static s3 38.35s
[done] scene_13__w0150__gl__150-165-180-195__B_static s4 38.35s
[done] scene_13__w0150__gl__150-165-180-195__B_static s5 38.38s
[done] scene_13__w0150__gl__150-165-180-195__B_static s6 38.37s
[done] scene_13__w0200__gl__200-215-230-245__B_static s3 38.39s
[done] scene_13__w0200__gl__200-215-230-245__B_static s4 38.43s
[done] scene_13__w0200__gl__200-215-230-245__B_static s5 38.46s
[done] scene_13__w0200__gl__200-215-230-245__B_static s6 38.46s
[done] scene_13__w0250__gl__250-265-280-295__B_static s3 38.41s
[done] scene_13__w0250__gl__250-265-280-295__B_static s4 38.41s
[done] scene_13__w0250__gl__250-265-280-295__B_static s5 38.46s
[done] scene_13__w0250__gl__250-265-280-295__B_static s6 38.37s
[done] scene_13__w0300__gl__300-315-330-345__B_static s3 38.42s
[done] scene_13__w0300__gl__300-315-330-345__B_static s4 38.35s
[done] scene_13__w0300__gl__300-315-330-345__B_static s5 38.42s
[done] scene_13__w0300__gl__300-315-330-345__B_static s6 38.42s
[done] scene_13__w0350__gl__350-365-380-395__B_static s3 38.43s
[done] scene_13__w0350__gl__350-365-380-395__B_static s4 38.44s
[done] scene_13__w0350__gl__350-365-380-395__B_static s5 38.48s
[done] scene_13__w0350__gl__350-365-380-395__B_static s6 38.44s
[done] scene_14__w0000__gl__0-15-30-45__B_static s3 38.39s
[done] scene_14__w0000__gl__0-15-30-45__B_static s4 38.48s
[done] scene_14__w0000__gl__0-15-30-45__B_static s5 38.46s
[done] scene_14__w0000__gl__0-15-30-45__B_static s6 38.48s
[done] scene_14__w0050__gl__50-65-80-95__B_static s3 38.42s
[done] scene_14__w0050__gl__50-65-80-95__B_static s4 38.52s
[done] scene_14__w0050__gl__50-65-80-95__B_static s5 38.5s
[done] scene_14__w0050__gl__50-65-80-95__B_static s6 38.45s
[done] scene_14__w0100__gl__100-115-130-145__B_static s3 38.39s
[done] scene_14__w0100__gl__100-115-130-145__B_static s4 38.52s
[done] scene_14__w0100__gl__100-115-130-145__B_static s5 38.49s
[done] scene_14__w0100__gl__100-115-130-145__B_static s6 38.4s
[done] scene_14__w0150__gl__150-165-180-195__B_static s3 38.36s
[done] scene_14__w0150__gl__150-165-180-195__B_static s4 38.5s
[done] scene_14__w0150__gl__150-165-180-195__B_static s5 38.42s
[done] scene_14__w0150__gl__150-165-180-195__B_static s6 38.32s
[done] scene_14__w0200__gl__200-215-230-245__B_static s3 38.41s
[done] scene_14__w0200__gl__200-215-230-245__B_static s4 38.5s
[done] scene_14__w0200__gl__200-215-230-245__B_static s5 38.46s
[done] scene_14__w0200__gl__200-215-230-245__B_static s6 38.5s
[done] scene_14__w0250__gl__250-265-280-295__B_static s3 38.39s
[done] scene_14__w0250__gl__250-265-280-295__B_static s4 38.51s
[done] scene_14__w0250__gl__250-265-280-295__B_static s5 38.46s
[done] scene_14__w0250__gl__250-265-280-295__B_static s6 38.5s
[done] scene_14__w0300__gl__300-315-330-345__B_static s3 38.42s
[done] scene_14__w0300__gl__300-315-330-345__B_static s4 38.44s
[done] scene_14__w0300__gl__300-315-330-345__B_static s5 38.41s
[done] scene_14__w0300__gl__300-315-330-345__B_static s6 38.39s
[done] scene_14__w0350__gl__350-365-380-395__B_static s3 38.44s
[done] scene_14__w0350__gl__350-365-380-395__B_static s4 38.4s
[done] scene_14__w0350__gl__350-365-380-395__B_static s5 38.39s
[done] scene_14__w0350__gl__350-365-380-395__B_static s6 38.4s
[s141] gen done 2026-10-10T17:26:07Z
scored 64 warps 16
[evalB] plan_rgbd_B.json generated+scored 64 2026-10-10T17:26:38Z
[evalB] DONE 2026-10-10T17:26:38Z
