[evalA] adapter ready 2026-10-10T13:56:57Z 635e6e319d4dbf40d5db58d42498303c5f15fb32107f976e8c315d173de87818  /mnt/gluster_dcpu/yiyangliu/gwm_s141/runs/A/adapter_final.pt
[s141] gen A /mnt/gluster_dcpu/yiyangliu/gwm_s134/src/s141/plan_eval_A.json /mnt/gluster_dcpu/yiyangliu/gwm_s141/runs/A/adapter_final.pt /mnt/gluster_dcpu/yiyangliu/gwm_s141/eval/chess_A 3,4,5,6 gpu=3 start 2026-10-10T13:56:57Z
[pipeline_ready]
[s141] variant A adapter /mnt/gluster_dcpu/yiyangliu/gwm_s141/runs/A/adapter_final.pt attn 64
[done] seq-02_from_seq-01_s0150__gl__s02_000150-s02_000165-s02_000180-s02_000195__A_static s3 40.96s
[done] seq-02_from_seq-01_s0150__gl__s02_000150-s02_000165-s02_000180-s02_000195__A_static s4 40.92s
[done] seq-02_from_seq-01_s0150__gl__s02_000150-s02_000165-s02_000180-s02_000195__A_static s5 41.17s
[done] seq-02_from_seq-01_s0150__gl__s02_000150-s02_000165-s02_000180-s02_000195__A_static s6 41.2s
[done] seq-02_from_seq-01_s0250__gl__s02_000250-s02_000265-s02_000280-s02_000295__A_static s3 41.24s
[done] seq-02_from_seq-01_s0250__gl__s02_000250-s02_000265-s02_000280-s02_000295__A_static s4 41.23s
[done] seq-02_from_seq-01_s0250__gl__s02_000250-s02_000265-s02_000280-s02_000295__A_static s5 41.23s
[done] seq-02_from_seq-01_s0250__gl__s02_000250-s02_000265-s02_000280-s02_000295__A_static s6 41.21s
[done] seq-02_from_seq-01_s0350__gl__s02_000350-s02_000365-s02_000380-s02_000395__A_static s3 41.2s
[done] seq-02_from_seq-01_s0350__gl__s02_000350-s02_000365-s02_000380-s02_000395__A_static s4 41.18s
[done] seq-02_from_seq-01_s0350__gl__s02_000350-s02_000365-s02_000380-s02_000395__A_static s5 41.17s
[done] seq-02_from_seq-01_s0350__gl__s02_000350-s02_000365-s02_000380-s02_000395__A_static s6 41.16s
[done] seq-02_from_seq-01_s0450__gl__s02_000450-s02_000465-s02_000480-s02_000495__A_static s3 41.14s
[done] seq-02_from_seq-01_s0450__gl__s02_000450-s02_000465-s02_000480-s02_000495__A_static s4 41.14s
[done] seq-02_from_seq-01_s0450__gl__s02_000450-s02_000465-s02_000480-s02_000495__A_static s5 41.07s
[done] seq-02_from_seq-01_s0450__gl__s02_000450-s02_000465-s02_000480-s02_000495__A_static s6 41.13s
[done] seq-02_from_seq-01_s0550__gl__s02_000550-s02_000565-s02_000580-s02_000595__A_static s3 41.28s
[done] seq-02_from_seq-01_s0550__gl__s02_000550-s02_000565-s02_000580-s02_000595__A_static s4 41.14s
[done] seq-02_from_seq-01_s0550__gl__s02_000550-s02_000565-s02_000580-s02_000595__A_static s5 41.07s
[done] seq-02_from_seq-01_s0550__gl__s02_000550-s02_000565-s02_000580-s02_000595__A_static s6 41.14s
[done] seq-02_from_seq-01_s0650__gl__s02_000650-s02_000665-s02_000680-s02_000695__A_static s3 41.14s
[done] seq-02_from_seq-01_s0650__gl__s02_000650-s02_000665-s02_000680-s02_000695__A_static s4 41.14s
[done] seq-02_from_seq-01_s0650__gl__s02_000650-s02_000665-s02_000680-s02_000695__A_static s5 41.07s
[done] seq-02_from_seq-01_s0650__gl__s02_000650-s02_000665-s02_000680-s02_000695__A_static s6 41.14s
[done] seq-02_from_seq-01_s0750__gl__s02_000750-s02_000765-s02_000780-s02_000795__A_static s3 41.16s
[done] seq-02_from_seq-01_s0750__gl__s02_000750-s02_000765-s02_000780-s02_000795__A_static s4 41.18s
[done] seq-02_from_seq-01_s0750__gl__s02_000750-s02_000765-s02_000780-s02_000795__A_static s5 41.15s
[done] seq-02_from_seq-01_s0750__gl__s02_000750-s02_000765-s02_000780-s02_000795__A_static s6 41.16s
[done] seq-02_from_seq-01_s0850__gl__s02_000850-s02_000865-s02_000880-s02_000895__A_static s3 41.14s
[done] seq-02_from_seq-01_s0850__gl__s02_000850-s02_000865-s02_000880-s02_000895__A_static s4 41.15s
[done] seq-02_from_seq-01_s0850__gl__s02_000850-s02_000865-s02_000880-s02_000895__A_static s5 41.15s
[done] seq-02_from_seq-01_s0850__gl__s02_000850-s02_000865-s02_000880-s02_000895__A_static s6 41.17s
[done] seq-03_from_seq-04_s0150__gl__s03_000150-s03_000165-s03_000180-s03_000195__A_static s3 41.14s
[done] seq-03_from_seq-04_s0150__gl__s03_000150-s03_000165-s03_000180-s03_000195__A_static s4 41.09s
[done] seq-03_from_seq-04_s0150__gl__s03_000150-s03_000165-s03_000180-s03_000195__A_static s5 41.15s
[done] seq-03_from_seq-04_s0150__gl__s03_000150-s03_000165-s03_000180-s03_000195__A_static s6 41.15s
[done] seq-03_from_seq-04_s0250__gl__s03_000250-s03_000265-s03_000280-s03_000295__A_static s3 41.14s
[done] seq-03_from_seq-04_s0250__gl__s03_000250-s03_000265-s03_000280-s03_000295__A_static s4 41.13s
[done] seq-03_from_seq-04_s0250__gl__s03_000250-s03_000265-s03_000280-s03_000295__A_static s5 41.13s
[done] seq-03_from_seq-04_s0250__gl__s03_000250-s03_000265-s03_000280-s03_000295__A_static s6 41.13s
[done] seq-03_from_seq-04_s0350__gl__s03_000350-s03_000365-s03_000380-s03_000395__A_static s3 41.06s
[done] seq-03_from_seq-04_s0350__gl__s03_000350-s03_000365-s03_000380-s03_000395__A_static s4 41.15s
[done] seq-03_from_seq-04_s0350__gl__s03_000350-s03_000365-s03_000380-s03_000395__A_static s5 41.14s
[done] seq-03_from_seq-04_s0350__gl__s03_000350-s03_000365-s03_000380-s03_000395__A_static s6 41.15s
[done] seq-03_from_seq-04_s0450__gl__s03_000450-s03_000465-s03_000480-s03_000495__A_static s3 41.14s
[done] seq-03_from_seq-04_s0450__gl__s03_000450-s03_000465-s03_000480-s03_000495__A_static s4 41.14s
[done] seq-03_from_seq-04_s0450__gl__s03_000450-s03_000465-s03_000480-s03_000495__A_static s5 41.14s
[done] seq-03_from_seq-04_s0450__gl__s03_000450-s03_000465-s03_000480-s03_000495__A_static s6 41.06s
[done] seq-03_from_seq-04_s0550__gl__s03_000550-s03_000565-s03_000580-s03_000595__A_static s3 41.15s
[done] seq-03_from_seq-04_s0550__gl__s03_000550-s03_000565-s03_000580-s03_000595__A_static s4 41.14s
[done] seq-03_from_seq-04_s0550__gl__s03_000550-s03_000565-s03_000580-s03_000595__A_static s5 41.07s
[done] seq-03_from_seq-04_s0550__gl__s03_000550-s03_000565-s03_000580-s03_000595__A_static s6 41.15s
[done] seq-03_from_seq-04_s0650__gl__s03_000650-s03_000665-s03_000680-s03_000695__A_static s3 41.14s
[done] seq-03_from_seq-04_s0650__gl__s03_000650-s03_000665-s03_000680-s03_000695__A_static s4 41.16s
[done] seq-03_from_seq-04_s0650__gl__s03_000650-s03_000665-s03_000680-s03_000695__A_static s5 41.13s
[done] seq-03_from_seq-04_s0650__gl__s03_000650-s03_000665-s03_000680-s03_000695__A_static s6 41.05s
[done] seq-03_from_seq-04_s0750__gl__s03_000750-s03_000765-s03_000780-s03_000795__A_static s3 41.1s
[done] seq-03_from_seq-04_s0750__gl__s03_000750-s03_000765-s03_000780-s03_000795__A_static s4 41.11s
[done] seq-03_from_seq-04_s0750__gl__s03_000750-s03_000765-s03_000780-s03_000795__A_static s5 41.12s
[done] seq-03_from_seq-04_s0750__gl__s03_000750-s03_000765-s03_000780-s03_000795__A_static s6 41.13s
[done] seq-03_from_seq-04_s0850__gl__s03_000850-s03_000865-s03_000880-s03_000895__A_static s3 41.13s
[done] seq-03_from_seq-04_s0850__gl__s03_000850-s03_000865-s03_000880-s03_000895__A_static s4 41.13s
[done] seq-03_from_seq-04_s0850__gl__s03_000850-s03_000865-s03_000880-s03_000895__A_static s5 41.14s
[done] seq-03_from_seq-04_s0850__gl__s03_000850-s03_000865-s03_000880-s03_000895__A_static s6 41.14s
[done] seq-05_from_seq-06_s0150__gl__s05_000150-s05_000165-s05_000180-s05_000195__A_static s3 41.14s
[done] seq-05_from_seq-06_s0150__gl__s05_000150-s05_000165-s05_000180-s05_000195__A_static s4 41.05s
[done] seq-05_from_seq-06_s0150__gl__s05_000150-s05_000165-s05_000180-s05_000195__A_static s5 41.16s
[done] seq-05_from_seq-06_s0150__gl__s05_000150-s05_000165-s05_000180-s05_000195__A_static s6 41.14s
[done] seq-05_from_seq-06_s0250__gl__s05_000250-s05_000265-s05_000280-s05_000295__A_static s3 41.12s
[done] seq-05_from_seq-06_s0250__gl__s05_000250-s05_000265-s05_000280-s05_000295__A_static s4 41.13s
[done] seq-05_from_seq-06_s0250__gl__s05_000250-s05_000265-s05_000280-s05_000295__A_static s5 41.06s
[done] seq-05_from_seq-06_s0250__gl__s05_000250-s05_000265-s05_000280-s05_000295__A_static s6 41.13s
[done] seq-05_from_seq-06_s0350__gl__s05_000350-s05_000365-s05_000380-s05_000395__A_static s3 41.14s
[done] seq-05_from_seq-06_s0350__gl__s05_000350-s05_000365-s05_000380-s05_000395__A_static s4 41.14s
[done] seq-05_from_seq-06_s0350__gl__s05_000350-s05_000365-s05_000380-s05_000395__A_static s5 41.08s
[done] seq-05_from_seq-06_s0350__gl__s05_000350-s05_000365-s05_000380-s05_000395__A_static s6 41.15s
[done] seq-05_from_seq-06_s0450__gl__s05_000450-s05_000465-s05_000480-s05_000495__A_static s3 41.14s
[done] seq-05_from_seq-06_s0450__gl__s05_000450-s05_000465-s05_000480-s05_000495__A_static s4 41.14s
[done] seq-05_from_seq-06_s0450__gl__s05_000450-s05_000465-s05_000480-s05_000495__A_static s5 41.14s
[done] seq-05_from_seq-06_s0450__gl__s05_000450-s05_000465-s05_000480-s05_000495__A_static s6 41.07s
[done] seq-05_from_seq-06_s0550__gl__s05_000550-s05_000565-s05_000580-s05_000595__A_static s3 41.28s
[done] seq-05_from_seq-06_s0550__gl__s05_000550-s05_000565-s05_000580-s05_000595__A_static s4 41.14s
[done] seq-05_from_seq-06_s0550__gl__s05_000550-s05_000565-s05_000580-s05_000595__A_static s5 41.15s
[done] seq-05_from_seq-06_s0550__gl__s05_000550-s05_000565-s05_000580-s05_000595__A_static s6 41.08s
[done] seq-05_from_seq-06_s0650__gl__s05_000650-s05_000665-s05_000680-s05_000695__A_static s3 41.15s
[done] seq-05_from_seq-06_s0650__gl__s05_000650-s05_000665-s05_000680-s05_000695__A_static s4 41.17s
[done] seq-05_from_seq-06_s0650__gl__s05_000650-s05_000665-s05_000680-s05_000695__A_static s5 41.14s
[done] seq-05_from_seq-06_s0650__gl__s05_000650-s05_000665-s05_000680-s05_000695__A_static s6 41.16s
[done] seq-05_from_seq-06_s0750__gl__s05_000750-s05_000765-s05_000780-s05_000795__A_static s3 41.11s
[done] seq-05_from_seq-06_s0750__gl__s05_000750-s05_000765-s05_000780-s05_000795__A_static s4 41.12s
[done] seq-05_from_seq-06_s0750__gl__s05_000750-s05_000765-s05_000780-s05_000795__A_static s5 41.08s
[done] seq-05_from_seq-06_s0750__gl__s05_000750-s05_000765-s05_000780-s05_000795__A_static s6 41.14s
[done] seq-05_from_seq-06_s0850__gl__s05_000850-s05_000865-s05_000880-s05_000895__A_static s3 41.13s
[done] seq-05_from_seq-06_s0850__gl__s05_000850-s05_000865-s05_000880-s05_000895__A_static s4 41.12s
[done] seq-05_from_seq-06_s0850__gl__s05_000850-s05_000865-s05_000880-s05_000895__A_static s5 41.06s
[done] seq-05_from_seq-06_s0850__gl__s05_000850-s05_000865-s05_000880-s05_000895__A_static s6 41.13s
[done] seq-02_from_seq-01_s0150__gl__s01_000000-s02_000150-s01_000600-s01_000800__A_mem s3 41.14s
[done] seq-02_from_seq-01_s0150__gl__s01_000000-s02_000150-s01_000600-s01_000800__A_mem s4 41.14s
[done] seq-02_from_seq-01_s0150__gl__s01_000000-s02_000150-s01_000600-s01_000800__A_mem s5 41.14s
[done] seq-02_from_seq-01_s0150__gl__s01_000000-s02_000150-s01_000600-s01_000800__A_mem s6 41.16s
[done] seq-02_from_seq-01_s0250__gl__s01_000050-s01_000200-s01_000600-s01_000750__A_mem s3 41.07s
[done] seq-02_from_seq-01_s0250__gl__s01_000050-s01_000200-s01_000600-s01_000750__A_mem s4 41.15s
[done] seq-02_from_seq-01_s0250__gl__s01_000050-s01_000200-s01_000600-s01_000750__A_mem s5 41.12s
[done] seq-02_from_seq-01_s0250__gl__s01_000050-s01_000200-s01_000600-s01_000750__A_mem s6 41.14s
[done] seq-02_from_seq-01_s0350__gl__s01_000600-s01_000000-s01_000550-s01_000800__A_mem s3 41.17s
[done] seq-02_from_seq-01_s0350__gl__s01_000600-s01_000000-s01_000550-s01_000800__A_mem s4 41.16s
[done] seq-02_from_seq-01_s0350__gl__s01_000600-s01_000000-s01_000550-s01_000800__A_mem s5 41.19s
[done] seq-02_from_seq-01_s0350__gl__s01_000600-s01_000000-s01_000550-s01_000800__A_mem s6 41.14s
[done] seq-02_from_seq-01_s0450__gl__s01_000500-s01_000400-s01_000200-s01_000050__A_mem s3 41.12s
[done] seq-02_from_seq-01_s0450__gl__s01_000500-s01_000400-s01_000200-s01_000050__A_mem s4 41.13s
[done] seq-02_from_seq-01_s0450__gl__s01_000500-s01_000400-s01_000200-s01_000050__A_mem s5 41.12s
[done] seq-02_from_seq-01_s0450__gl__s01_000500-s01_000400-s01_000200-s01_000050__A_mem s6 41.13s
[done] seq-02_from_seq-01_s0550__gl__s01_000400-s01_000500-s01_000050-s01_000200__A_mem s3 41.14s
[done] seq-02_from_seq-01_s0550__gl__s01_000400-s01_000500-s01_000050-s01_000200__A_mem s4 41.14s
[done] seq-02_from_seq-01_s0550__gl__s01_000400-s01_000500-s01_000050-s01_000200__A_mem s5 41.15s
[done] seq-02_from_seq-01_s0550__gl__s01_000400-s01_000500-s01_000050-s01_000200__A_mem s6 41.07s
[done] seq-02_from_seq-01_s0650__gl__s01_000600-s01_000200-s01_000550-s01_000100__A_mem s3 41.1s
[done] seq-02_from_seq-01_s0650__gl__s01_000600-s01_000200-s01_000550-s01_000100__A_mem s4 41.14s
[done] seq-02_from_seq-01_s0650__gl__s01_000600-s01_000200-s01_000550-s01_000100__A_mem s5 41.12s
[done] seq-02_from_seq-01_s0650__gl__s01_000600-s01_000200-s01_000550-s01_000100__A_mem s6 41.12s
[done] seq-02_from_seq-01_s0750__gl__s01_000550-s02_000750-s01_000400-s01_000200__A_mem s3 41.13s
[done] seq-02_from_seq-01_s0750__gl__s01_000550-s02_000750-s01_000400-s01_000200__A_mem s4 41.14s
[done] seq-02_from_seq-01_s0750__gl__s01_000550-s02_000750-s01_000400-s01_000200__A_mem s5 41.13s
[done] seq-02_from_seq-01_s0750__gl__s01_000550-s02_000750-s01_000400-s01_000200__A_mem s6 41.12s
[done] seq-02_from_seq-01_s0850__gl__s01_000600-s01_000550-s01_000200-s01_000100__A_mem s3 41.25s
[done] seq-02_from_seq-01_s0850__gl__s01_000600-s01_000550-s01_000200-s01_000100__A_mem s4 41.11s
[done] seq-02_from_seq-01_s0850__gl__s01_000600-s01_000550-s01_000200-s01_000100__A_mem s5 41.12s
[done] seq-02_from_seq-01_s0850__gl__s01_000600-s01_000550-s01_000200-s01_000100__A_mem s6 41.13s
[done] seq-03_from_seq-04_s0150__gl__s04_000850-s04_000200-s04_000050-s04_000500__A_mem s3 41.13s
[done] seq-03_from_seq-04_s0150__gl__s04_000850-s04_000200-s04_000050-s04_000500__A_mem s4 41.14s
[done] seq-03_from_seq-04_s0150__gl__s04_000850-s04_000200-s04_000050-s04_000500__A_mem s5 41.13s
[done] seq-03_from_seq-04_s0150__gl__s04_000850-s04_000200-s04_000050-s04_000500__A_mem s6 41.09s
[done] seq-03_from_seq-04_s0250__gl__s04_000650-s04_000250-s04_000350-s04_000200__A_mem s3 41.12s
[done] seq-03_from_seq-04_s0250__gl__s04_000650-s04_000250-s04_000350-s04_000200__A_mem s4 41.13s
[done] seq-03_from_seq-04_s0250__gl__s04_000650-s04_000250-s04_000350-s04_000200__A_mem s5 41.13s
[done] seq-03_from_seq-04_s0250__gl__s04_000650-s04_000250-s04_000350-s04_000200__A_mem s6 41.16s
[done] seq-03_from_seq-04_s0350__gl__s03_000375-s04_000800-s03_000400-s04_000900__A_mem s3 41.13s
[done] seq-03_from_seq-04_s0350__gl__s03_000375-s04_000800-s03_000400-s04_000900__A_mem s4 41.13s
[done] seq-03_from_seq-04_s0350__gl__s03_000375-s04_000800-s03_000400-s04_000900__A_mem s5 41.13s
[done] seq-03_from_seq-04_s0350__gl__s03_000375-s04_000800-s03_000400-s04_000900__A_mem s6 41.12s
[done] seq-03_from_seq-04_s0450__gl__s03_000460-s04_000800-s04_000850-s04_000000__A_mem s3 41.11s
[done] seq-03_from_seq-04_s0450__gl__s03_000460-s04_000800-s04_000850-s04_000000__A_mem s4 41.12s
[done] seq-03_from_seq-04_s0450__gl__s03_000460-s04_000800-s04_000850-s04_000000__A_mem s5 41.05s
[done] seq-03_from_seq-04_s0450__gl__s03_000460-s04_000800-s04_000850-s04_000000__A_mem s6 41.15s
[done] seq-03_from_seq-04_s0550__gl__s04_000800-s03_000555-s04_000850-s04_000200__A_mem s3 41.12s
[done] seq-03_from_seq-04_s0550__gl__s04_000800-s03_000555-s04_000850-s04_000200__A_mem s4 41.12s
[done] seq-03_from_seq-04_s0550__gl__s04_000800-s03_000555-s04_000850-s04_000200__A_mem s5 41.09s
[done] seq-03_from_seq-04_s0550__gl__s04_000800-s03_000555-s04_000850-s04_000200__A_mem s6 41.13s
[done] seq-03_from_seq-04_s0650__gl__s04_000300-s04_000950-s04_000050-s04_000500__A_mem s3 41.12s
[done] seq-03_from_seq-04_s0650__gl__s04_000300-s04_000950-s04_000050-s04_000500__A_mem s4 41.33s
[done] seq-03_from_seq-04_s0650__gl__s04_000300-s04_000950-s04_000050-s04_000500__A_mem s5 43.33s
[done] seq-03_from_seq-04_s0650__gl__s04_000300-s04_000950-s04_000050-s04_000500__A_mem s6 43.69s
[done] seq-03_from_seq-04_s0750__gl__s04_000350-s04_000150-s04_000050-s04_000500__A_mem s3 44.33s
[done] seq-03_from_seq-04_s0750__gl__s04_000350-s04_000150-s04_000050-s04_000500__A_mem s4 41.92s
[done] seq-03_from_seq-04_s0750__gl__s04_000350-s04_000150-s04_000050-s04_000500__A_mem s5 41.67s
[done] seq-03_from_seq-04_s0750__gl__s04_000350-s04_000150-s04_000050-s04_000500__A_mem s6 41.7s
[done] seq-03_from_seq-04_s0850__gl__s04_000750-s04_000850-s04_000500-s04_000000__A_mem s3 41.12s
[done] seq-03_from_seq-04_s0850__gl__s04_000750-s04_000850-s04_000500-s04_000000__A_mem s4 41.14s
[done] seq-03_from_seq-04_s0850__gl__s04_000750-s04_000850-s04_000500-s04_000000__A_mem s5 41.16s
[done] seq-03_from_seq-04_s0850__gl__s04_000750-s04_000850-s04_000500-s04_000000__A_mem s6 41.15s
[done] seq-05_from_seq-06_s0150__gl__s05_000205-s06_000800-s06_000050-s06_000450__A_mem s3 41.17s
[done] seq-05_from_seq-06_s0150__gl__s05_000205-s06_000800-s06_000050-s06_000450__A_mem s4 41.16s
[done] seq-05_from_seq-06_s0150__gl__s05_000205-s06_000800-s06_000050-s06_000450__A_mem s5 41.23s
[done] seq-05_from_seq-06_s0150__gl__s05_000205-s06_000800-s06_000050-s06_000450__A_mem s6 41.13s
[done] seq-05_from_seq-06_s0250__gl__s06_000250-s06_000950-s06_000200-s06_000900__A_mem s3 41.12s
[done] seq-05_from_seq-06_s0250__gl__s06_000250-s06_000950-s06_000200-s06_000900__A_mem s4 41.11s
[done] seq-05_from_seq-06_s0250__gl__s06_000250-s06_000950-s06_000200-s06_000900__A_mem s5 41.12s
[done] seq-05_from_seq-06_s0250__gl__s06_000250-s06_000950-s06_000200-s06_000900__A_mem s6 41.12s
[done] seq-05_from_seq-06_s0350__gl__s06_000200-s06_000850-s06_000900-s05_000405__A_mem s3 41.15s
[done] seq-05_from_seq-06_s0350__gl__s06_000200-s06_000850-s06_000900-s05_000405__A_mem s4 41.13s
[done] seq-05_from_seq-06_s0350__gl__s06_000200-s06_000850-s06_000900-s05_000405__A_mem s5 41.13s
[done] seq-05_from_seq-06_s0350__gl__s06_000200-s06_000850-s06_000900-s05_000405__A_mem s6 41.12s
[done] seq-05_from_seq-06_s0450__gl__s06_000050-s06_000800-s05_000450-s06_000950__A_mem s3 41.16s
[done] seq-05_from_seq-06_s0450__gl__s06_000050-s06_000800-s05_000450-s06_000950__A_mem s4 41.14s
[done] seq-05_from_seq-06_s0450__gl__s06_000050-s06_000800-s05_000450-s06_000950__A_mem s5 41.13s
[done] seq-05_from_seq-06_s0450__gl__s06_000050-s06_000800-s05_000450-s06_000950__A_mem s6 41.12s
[done] seq-05_from_seq-06_s0550__gl__s05_000590-s06_000050-s06_000900-s06_000250__A_mem s3 41.28s
[done] seq-05_from_seq-06_s0550__gl__s05_000590-s06_000050-s06_000900-s06_000250__A_mem s4 41.14s
[done] seq-05_from_seq-06_s0550__gl__s05_000590-s06_000050-s06_000900-s06_000250__A_mem s5 41.18s
[done] seq-05_from_seq-06_s0550__gl__s05_000590-s06_000050-s06_000900-s06_000250__A_mem s6 41.15s
[done] seq-05_from_seq-06_s0650__gl__s05_000705-s06_000800-s06_000000-s06_000100__A_mem s3 41.28s
[done] seq-05_from_seq-06_s0650__gl__s05_000705-s06_000800-s06_000000-s06_000100__A_mem s4 41.13s
[done] seq-05_from_seq-06_s0650__gl__s05_000705-s06_000800-s06_000000-s06_000100__A_mem s5 41.13s
[done] seq-05_from_seq-06_s0650__gl__s05_000705-s06_000800-s06_000000-s06_000100__A_mem s6 41.13s
[done] seq-05_from_seq-06_s0750__gl__s06_000650-s06_000800-s06_000100-s06_000200__A_mem s3 41.13s
[done] seq-05_from_seq-06_s0750__gl__s06_000650-s06_000800-s06_000100-s06_000200__A_mem s4 41.14s
[done] seq-05_from_seq-06_s0750__gl__s06_000650-s06_000800-s06_000100-s06_000200__A_mem s5 41.14s
[done] seq-05_from_seq-06_s0750__gl__s06_000650-s06_000800-s06_000100-s06_000200__A_mem s6 41.15s
[done] seq-05_from_seq-06_s0850__gl__s06_000200-s06_000100-s06_000250-s06_000950__A_mem s3 41.14s
[done] seq-05_from_seq-06_s0850__gl__s06_000200-s06_000100-s06_000250-s06_000950__A_mem s4 41.14s
[done] seq-05_from_seq-06_s0850__gl__s06_000200-s06_000100-s06_000250-s06_000950__A_mem s5 41.07s
[done] seq-05_from_seq-06_s0850__gl__s06_000200-s06_000100-s06_000250-s06_000950__A_mem s6 41.13s
[s141] gen done 2026-10-10T16:10:42Z
[s141] gen A /mnt/gluster_dcpu/yiyangliu/gwm_s134/src/s141/plan_rgbd_A.json /mnt/gluster_dcpu/yiyangliu/gwm_s141/runs/A/adapter_final.pt /mnt/gluster_dcpu/yiyangliu/gwm_s141/eval/rgbd_A 3,4,5,6 gpu=3 start 2026-10-10T16:10:42Z
[pipeline_ready]
[s141] variant A adapter /mnt/gluster_dcpu/yiyangliu/gwm_s141/runs/A/adapter_final.pt attn 64
[done] scene_13__w0000__gl__0-15-30-45__A_static s3 40.93s
[done] scene_13__w0000__gl__0-15-30-45__A_static s4 40.95s
[done] scene_13__w0000__gl__0-15-30-45__A_static s5 41.07s
[done] scene_13__w0000__gl__0-15-30-45__A_static s6 41.14s
[done] scene_13__w0050__gl__50-65-80-95__A_static s3 41.21s
[done] scene_13__w0050__gl__50-65-80-95__A_static s4 41.17s
[done] scene_13__w0050__gl__50-65-80-95__A_static s5 41.15s
[done] scene_13__w0050__gl__50-65-80-95__A_static s6 41.13s
[done] scene_13__w0100__gl__100-115-130-145__A_static s3 41.19s
[done] scene_13__w0100__gl__100-115-130-145__A_static s4 41.12s
[done] scene_13__w0100__gl__100-115-130-145__A_static s5 41.11s
[done] scene_13__w0100__gl__100-115-130-145__A_static s6 41.11s
[done] scene_13__w0150__gl__150-165-180-195__A_static s3 41.15s
[done] scene_13__w0150__gl__150-165-180-195__A_static s4 41.09s
[done] scene_13__w0150__gl__150-165-180-195__A_static s5 41.08s
[done] scene_13__w0150__gl__150-165-180-195__A_static s6 41.07s
[done] scene_13__w0200__gl__200-215-230-245__A_static s3 41.15s
[done] scene_13__w0200__gl__200-215-230-245__A_static s4 41.08s
[done] scene_13__w0200__gl__200-215-230-245__A_static s5 41.07s
[done] scene_13__w0200__gl__200-215-230-245__A_static s6 41.08s
[done] scene_13__w0250__gl__250-265-280-295__A_static s3 41.14s
[done] scene_13__w0250__gl__250-265-280-295__A_static s4 41.08s
[done] scene_13__w0250__gl__250-265-280-295__A_static s5 41.09s
[done] scene_13__w0250__gl__250-265-280-295__A_static s6 41.12s
[done] scene_13__w0300__gl__300-315-330-345__A_static s3 41.17s
[done] scene_13__w0300__gl__300-315-330-345__A_static s4 41.09s
[done] scene_13__w0300__gl__300-315-330-345__A_static s5 41.12s
[done] scene_13__w0300__gl__300-315-330-345__A_static s6 41.1s
[done] scene_13__w0350__gl__350-365-380-395__A_static s3 41.18s
[done] scene_13__w0350__gl__350-365-380-395__A_static s4 41.08s
[done] scene_13__w0350__gl__350-365-380-395__A_static s5 41.1s
[done] scene_13__w0350__gl__350-365-380-395__A_static s6 41.09s
[done] scene_14__w0000__gl__0-15-30-45__A_static s3 41.17s
[done] scene_14__w0000__gl__0-15-30-45__A_static s4 41.1s
[done] scene_14__w0000__gl__0-15-30-45__A_static s5 41.1s
[done] scene_14__w0000__gl__0-15-30-45__A_static s6 41.09s
[done] scene_14__w0050__gl__50-65-80-95__A_static s3 41.15s
[done] scene_14__w0050__gl__50-65-80-95__A_static s4 41.1s
[done] scene_14__w0050__gl__50-65-80-95__A_static s5 41.08s
[done] scene_14__w0050__gl__50-65-80-95__A_static s6 41.1s
[done] scene_14__w0100__gl__100-115-130-145__A_static s3 41.28s
[done] scene_14__w0100__gl__100-115-130-145__A_static s4 41.09s
[done] scene_14__w0100__gl__100-115-130-145__A_static s5 41.08s
[done] scene_14__w0100__gl__100-115-130-145__A_static s6 41.09s
[done] scene_14__w0150__gl__150-165-180-195__A_static s3 41.15s
[done] scene_14__w0150__gl__150-165-180-195__A_static s4 41.11s
[done] scene_14__w0150__gl__150-165-180-195__A_static s5 41.11s
[done] scene_14__w0150__gl__150-165-180-195__A_static s6 41.07s
[done] scene_14__w0200__gl__200-215-230-245__A_static s3 41.16s
[done] scene_14__w0200__gl__200-215-230-245__A_static s4 41.07s
[done] scene_14__w0200__gl__200-215-230-245__A_static s5 41.08s
[done] scene_14__w0200__gl__200-215-230-245__A_static s6 41.08s
[done] scene_14__w0250__gl__250-265-280-295__A_static s3 41.15s
[done] scene_14__w0250__gl__250-265-280-295__A_static s4 41.09s
[done] scene_14__w0250__gl__250-265-280-295__A_static s5 41.09s
[done] scene_14__w0250__gl__250-265-280-295__A_static s6 41.1s
[done] scene_14__w0300__gl__300-315-330-345__A_static s3 41.16s
[done] scene_14__w0300__gl__300-315-330-345__A_static s4 41.09s
[done] scene_14__w0300__gl__300-315-330-345__A_static s5 41.08s
[done] scene_14__w0300__gl__300-315-330-345__A_static s6 41.09s
[done] scene_14__w0350__gl__350-365-380-395__A_static s3 41.16s
[done] scene_14__w0350__gl__350-365-380-395__A_static s4 41.1s
[done] scene_14__w0350__gl__350-365-380-395__A_static s5 41.1s
[done] scene_14__w0350__gl__350-365-380-395__A_static s6 41.09s
[s141] gen done 2026-10-10T16:56:04Z
scored 192 warps 24
scored 64 warps 16
[evalA] DONE 2026-10-10T16:57:48Z
