INFO:    squashfuse not found, will not be able to mount SIF
INFO:    fuse2fs not found, will not be able to mount EXT3 filesystems
INFO:    Converting SIF file to temporary sandbox...
INFO:    underlay of /etc/localtime required more than 50 (75) bind mounts
INFO:    underlay of /usr/bin/nvidia-smi required more than 50 (291) bind mounts
There was a problem when trying to write in your cache folder (/home/yliutz/.cache/huggingface/hub). Please, ensure the directory exists and can be written to.
There was a problem when trying to write in your cache folder (/home/yliutz/.cache/huggingface/hub). You should set the environment variable TRANSFORMERS_CACHE to a writable directory.
WARNING:matplotlib:Matplotlib created a temporary cache directory at /tmp/matplotlib-hc1qxbxl because the default path (/home/yliutz/.config/matplotlib) is not a writable directory; it is highly recommended to set the MPLCONFIGDIR environment variable to a writable directory, in particular to speed up the import of Matplotlib and to better support multiprocessing.
INFO:matplotlib.font_manager:generated new fontManager
INFO:root:Loaded ViT-H-14 model config.
INFO:root:Loading pretrained ViT-H-14 weights (/home/yliutz/gwm_weights_20260915/open_clip_model.safetensors).
INFO:    Cleaning up image...
INFO:    squashfuse not found, will not be able to mount SIF
INFO:    fuse2fs not found, will not be able to mount EXT3 filesystems
INFO:    Converting SIF file to temporary sandbox...
INFO:    underlay of /etc/localtime required more than 50 (75) bind mounts
Traceback (most recent call last):
  File "/opt/gwm-formal/seal_predictions_s103.py", line 189, in <module>
    raise SystemExit(main())
                     ^^^^^^
  File "/opt/gwm-formal/seal_predictions_s103.py", line 107, in main
    require(receipt.get("execution_boundary_id") == manifest.get("execution_boundary_id"),
  File "/opt/gwm-formal/seal_predictions_s103.py", line 17, in require
    raise RuntimeError(message)
RuntimeError: prediction receipt boundary mismatch
INFO:    Cleaning up image...
