{
  "all_filesystem_control_fds_closed_before_pass_construction": true,
  "attempt_lock_sha256": "78b6f4a1dcc357ec8893ec1832028811b303d871408cce7d5ab8c2dc6d804c45",
  "canonical_path_alone_is_authoritative": false,
  "governance_attestation_sha256": "2222222222222222222222222222222222222222222222222222222222222222",
  "held_candidate_observation": {
    "candidate_bytes": 5905,
    "candidate_lstat": {
      "ctime_ns": 1788879427572780499,
      "device": 16777234,
      "inode": 262402180,
      "mode": 33152,
      "mtime_ns": 1788879427572100874,
      "nlink": 1,
      "size": 5905,
      "type": "regular"
    },
    "candidate_sha256": "9d91bdcfad75611a0984805d4017ea6c2b8e35f33bfa82abba827647e05224a7",
    "canonical_path_alone_is_authoritative": false,
    "evidence_projection_sha256": "e378cf6470d6941ab18ae707116802db555eac2915c9ea657f55efa79f615575",
    "observed_while_all_core_evidence_fds_held": true,
    "passed": false,
    "schema": "s45b-v12-held-terminal-candidate-observation-v3",
    "status": "HELD_CANDIDATE_READY_FOR_EXTERNAL_EXIT_GATED_SEAL",
    "terminal_authority": false
  },
  "held_worker_source_fd_verified_and_closed_before_pass_construction": true,
  "independent_result_review_required": true,
  "passed": true,
  "requires_complete_exact_stdout_json": true,
  "requires_supervisor_process_exit_zero": true,
  "schema": "s45b-c1-numeric-camera-guard-terminal-pass-seal-v4",
  "status": "PASS_C1_REQUESTED_CAMERA_INPUT_CONDITION_GUARD_ONLY",
  "supervisor_sha256": "cccccccccccccccccccccccccccccccccccccccccccccccccccccccccccccccc",
  "terminal_authority": true,
  "worker_sha256": "02114d4a845bd83e3dcd35f663bf64f2a75eb5fb17fc0f3515b84222bd51281f"
}
