{
  "all_filesystem_control_fds_closed_before_pass_construction": true,
  "attempt_lock_sha256": "78b6f4a1dcc357ec8893ec1832028811b303d871408cce7d5ab8c2dc6d804c45",
  "canonical_path_alone_is_authoritative": false,
  "governance_attestation_sha256": "2222222222222222222222222222222222222222222222222222222222222222",
  "held_candidate_observation": {
    "candidate_bytes": 5905,
    "candidate_lstat": {
      "ctime_ns": 1788879425339654791,
      "device": 16777234,
      "inode": 262401528,
      "mode": 33152,
      "mtime_ns": 1788879425338981208,
      "nlink": 1,
      "size": 5905,
      "type": "regular"
    },
    "candidate_sha256": "382cafbe1521d7d5c6676e2ed8efc014f741a8eb1b62e5f96e2bc311e7655894",
    "canonical_path_alone_is_authoritative": false,
    "evidence_projection_sha256": "a3742db1a4564768d39a944e0702e11c8df8cd88afca403f7082ec96b17e9a90",
    "observed_while_all_core_evidence_fds_held": true,
    "passed": false,
    "schema": "s45b-v12-held-terminal-candidate-observation-v3",
    "status": "HELD_CANDIDATE_READY_FOR_EXTERNAL_EXIT_GATED_SEAL",
    "terminal_authority": false
  },
  "held_worker_source_fd_verified_and_closed_before_pass_construction": true,
  "independent_result_review_required": true,
  "passed": true,
  "requires_complete_exact_stdout_json": true,
  "requires_supervisor_process_exit_zero": true,
  "schema": "s45b-c1-numeric-camera-guard-terminal-pass-seal-v4",
  "status": "PASS_C1_REQUESTED_CAMERA_INPUT_CONDITION_GUARD_ONLY",
  "supervisor_sha256": "cccccccccccccccccccccccccccccccccccccccccccccccccccccccccccccccc",
  "terminal_authority": true,
  "worker_sha256": "02114d4a845bd83e3dcd35f663bf64f2a75eb5fb17fc0f3515b84222bd51281f"
}
